Archive member included to satisfy reference by file (symbol)

C:/ST/STM32CubeIDE_2.0.0/STM32CubeIDE/plugins/com.st.stm32cube.ide.mcu.externaltools.gnu-tools-for-stm32.13.3.rel1.win32_1.0.100.202509120712/tools/bin/../lib/gcc/arm-none-eabi/13.3.1/../../../../arm-none-eabi/lib/thumb/v7-m/nofp\libc_nano.a(libc_a-exit.o)
                              C:/ST/STM32CubeIDE_2.0.0/STM32CubeIDE/plugins/com.st.stm32cube.ide.mcu.externaltools.gnu-tools-for-stm32.13.3.rel1.win32_1.0.100.202509120712/tools/bin/../lib/gcc/arm-none-eabi/13.3.1/../../../../arm-none-eabi/lib/thumb/v7-m/nofp/crt0.o (exit)
C:/ST/STM32CubeIDE_2.0.0/STM32CubeIDE/plugins/com.st.stm32cube.ide.mcu.externaltools.gnu-tools-for-stm32.13.3.rel1.win32_1.0.100.202509120712/tools/bin/../lib/gcc/arm-none-eabi/13.3.1/../../../../arm-none-eabi/lib/thumb/v7-m/nofp\libc_nano.a(libc_a-malloc.o)
                              ./3rdParty/freertos/Src/heap_3.o (malloc)
C:/ST/STM32CubeIDE_2.0.0/STM32CubeIDE/plugins/com.st.stm32cube.ide.mcu.externaltools.gnu-tools-for-stm32.13.3.rel1.win32_1.0.100.202509120712/tools/bin/../lib/gcc/arm-none-eabi/13.3.1/../../../../arm-none-eabi/lib/thumb/v7-m/nofp\libc_nano.a(libc_a-mallocr.o)
                              C:/ST/STM32CubeIDE_2.0.0/STM32CubeIDE/plugins/com.st.stm32cube.ide.mcu.externaltools.gnu-tools-for-stm32.13.3.rel1.win32_1.0.100.202509120712/tools/bin/../lib/gcc/arm-none-eabi/13.3.1/../../../../arm-none-eabi/lib/thumb/v7-m/nofp\libc_nano.a(libc_a-malloc.o) (_malloc_r)
C:/ST/STM32CubeIDE_2.0.0/STM32CubeIDE/plugins/com.st.stm32cube.ide.mcu.externaltools.gnu-tools-for-stm32.13.3.rel1.win32_1.0.100.202509120712/tools/bin/../lib/gcc/arm-none-eabi/13.3.1/../../../../arm-none-eabi/lib/thumb/v7-m/nofp\libc_nano.a(libc_a-mlock.o)
                              C:/ST/STM32CubeIDE_2.0.0/STM32CubeIDE/plugins/com.st.stm32cube.ide.mcu.externaltools.gnu-tools-for-stm32.13.3.rel1.win32_1.0.100.202509120712/tools/bin/../lib/gcc/arm-none-eabi/13.3.1/../../../../arm-none-eabi/lib/thumb/v7-m/nofp\libc_nano.a(libc_a-mallocr.o) (__malloc_lock)
C:/ST/STM32CubeIDE_2.0.0/STM32CubeIDE/plugins/com.st.stm32cube.ide.mcu.externaltools.gnu-tools-for-stm32.13.3.rel1.win32_1.0.100.202509120712/tools/bin/../lib/gcc/arm-none-eabi/13.3.1/../../../../arm-none-eabi/lib/thumb/v7-m/nofp\libc_nano.a(libc_a-findfp.o)
                              C:/ST/STM32CubeIDE_2.0.0/STM32CubeIDE/plugins/com.st.stm32cube.ide.mcu.externaltools.gnu-tools-for-stm32.13.3.rel1.win32_1.0.100.202509120712/tools/bin/../lib/gcc/arm-none-eabi/13.3.1/../../../../arm-none-eabi/lib/thumb/v7-m/nofp\libc_nano.a(libc_a-exit.o) (__stdio_exit_handler)
C:/ST/STM32CubeIDE_2.0.0/STM32CubeIDE/plugins/com.st.stm32cube.ide.mcu.externaltools.gnu-tools-for-stm32.13.3.rel1.win32_1.0.100.202509120712/tools/bin/../lib/gcc/arm-none-eabi/13.3.1/../../../../arm-none-eabi/lib/thumb/v7-m/nofp\libc_nano.a(libc_a-fwalk.o)
                              C:/ST/STM32CubeIDE_2.0.0/STM32CubeIDE/plugins/com.st.stm32cube.ide.mcu.externaltools.gnu-tools-for-stm32.13.3.rel1.win32_1.0.100.202509120712/tools/bin/../lib/gcc/arm-none-eabi/13.3.1/../../../../arm-none-eabi/lib/thumb/v7-m/nofp\libc_nano.a(libc_a-findfp.o) (_fwalk_sglue)
C:/ST/STM32CubeIDE_2.0.0/STM32CubeIDE/plugins/com.st.stm32cube.ide.mcu.externaltools.gnu-tools-for-stm32.13.3.rel1.win32_1.0.100.202509120712/tools/bin/../lib/gcc/arm-none-eabi/13.3.1/../../../../arm-none-eabi/lib/thumb/v7-m/nofp\libc_nano.a(libc_a-printf.o)
                              ./src/bme680/common.o (printf)
C:/ST/STM32CubeIDE_2.0.0/STM32CubeIDE/plugins/com.st.stm32cube.ide.mcu.externaltools.gnu-tools-for-stm32.13.3.rel1.win32_1.0.100.202509120712/tools/bin/../lib/gcc/arm-none-eabi/13.3.1/../../../../arm-none-eabi/lib/thumb/v7-m/nofp\libc_nano.a(libc_a-stdio.o)
                              C:/ST/STM32CubeIDE_2.0.0/STM32CubeIDE/plugins/com.st.stm32cube.ide.mcu.externaltools.gnu-tools-for-stm32.13.3.rel1.win32_1.0.100.202509120712/tools/bin/../lib/gcc/arm-none-eabi/13.3.1/../../../../arm-none-eabi/lib/thumb/v7-m/nofp\libc_nano.a(libc_a-findfp.o) (__sread)
C:/ST/STM32CubeIDE_2.0.0/STM32CubeIDE/plugins/com.st.stm32cube.ide.mcu.externaltools.gnu-tools-for-stm32.13.3.rel1.win32_1.0.100.202509120712/tools/bin/../lib/gcc/arm-none-eabi/13.3.1/../../../../arm-none-eabi/lib/thumb/v7-m/nofp\libc_nano.a(libc_a-memset.o)
                              C:/ST/STM32CubeIDE_2.0.0/STM32CubeIDE/plugins/com.st.stm32cube.ide.mcu.externaltools.gnu-tools-for-stm32.13.3.rel1.win32_1.0.100.202509120712/tools/bin/../lib/gcc/arm-none-eabi/13.3.1/../../../../arm-none-eabi/lib/thumb/v7-m/nofp/crt0.o (memset)
C:/ST/STM32CubeIDE_2.0.0/STM32CubeIDE/plugins/com.st.stm32cube.ide.mcu.externaltools.gnu-tools-for-stm32.13.3.rel1.win32_1.0.100.202509120712/tools/bin/../lib/gcc/arm-none-eabi/13.3.1/../../../../arm-none-eabi/lib/thumb/v7-m/nofp\libc_nano.a(libc_a-closer.o)
[...]
Memory Configuration

Name             Origin             Length             Attributes
RAM              0x20000000         0x00005000         xrw
FLASH            0x08000000         0x00010000         xr
*default*        0x00000000         0xffffffff

Linker script and memory map

LOAD C:/ST/STM32CubeIDE_2.0.0/STM32CubeIDE/plugins/com.st.stm32cube.ide.mcu.externaltools.gnu-tools-for-stm32.13.3.rel1.win32_1.0.100.202509120712/tools/bin/../lib/gcc/arm-none-eabi/13.3.1/thumb/v7-m/nofp/crti.o
LOAD C:/ST/STM32CubeIDE_2.0.0/STM32CubeIDE/plugins/com.st.stm32cube.ide.mcu.externaltools.gnu-tools-for-stm32.13.3.rel1.win32_1.0.100.202509120712/tools/bin/../lib/gcc/arm-none-eabi/13.3.1/thumb/v7-m/nofp/crtbegin.o
LOAD C:/ST/STM32CubeIDE_2.0.0/STM32CubeIDE/plugins/com.st.stm32cube.ide.mcu.externaltools.gnu-tools-for-stm32.13.3.rel1.win32_1.0.100.202509120712/tools/bin/../lib/gcc/arm-none-eabi/13.3.1/../../../../arm-none-eabi/lib/thumb/v7-m/nofp/crt0.o
LOAD ./3rdParty/BME68x_SensorAPI/bme68x.o
LOAD ./3rdParty/freertos/Src/croutine.o
LOAD ./3rdParty/freertos/Src/event_groups.o
LOAD ./3rdParty/freertos/Src/heap_3.o
LOAD ./3rdParty/freertos/Src/list.o
LOAD ./3rdParty/freertos/Src/port.o
LOAD ./3rdParty/freertos/Src/queue.o
LOAD ./3rdParty/freertos/Src/stream_buffer.o
LOAD ./3rdParty/freertos/Src/tasks.o
LOAD ./3rdParty/freertos/Src/timers.o
LOAD ./Core/Src/stm32f1xx_hal_msp.o
LOAD ./Core/Src/stm32f1xx_hal_timebase_tim.o
LOAD ./Core/Src/stm32f1xx_it.o
LOAD ./Core/Src/syscalls.o
LOAD ./Core/Src/sysmem.o
LOAD ./Core/Src/system_stm32f1xx.o
LOAD ./Core/Startup/startup_stm32f103c8tx.o
LOAD ./Drivers/STM32F1xx_HAL_Driver/Src/stm32f1xx_hal.o
LOAD ./Drivers/STM32F1xx_HAL_Driver/Src/stm32f1xx_hal_cortex.o
LOAD ./Drivers/STM32F1xx_HAL_Driver/Src/stm32f1xx_hal_flash.o
LOAD ./Drivers/STM32F1xx_HAL_Driver/Src/stm32f1xx_hal_flash_ex.o
LOAD ./Drivers/STM32F1xx_HAL_Driver/Src/stm32f1xx_hal_gpio.o
LOAD ./Drivers/STM32F1xx_HAL_Driver/Src/stm32f1xx_hal_gpio_ex.o
LOAD ./Drivers/STM32F1xx_HAL_Driver/Src/stm32f1xx_hal_i2c.o
LOAD ./Drivers/STM32F1xx_HAL_Driver/Src/stm32f1xx_hal_rcc.o
LOAD ./Drivers/STM32F1xx_HAL_Driver/Src/stm32f1xx_hal_rcc_ex.o
LOAD ./Drivers/STM32F1xx_HAL_Driver/Src/stm32f1xx_hal_spi.o
LOAD ./Drivers/STM32F1xx_HAL_Driver/Src/stm32f1xx_hal_tim.o
LOAD ./Drivers/STM32F1xx_HAL_Driver/Src/stm32f1xx_hal_tim_ex.o
LOAD ./src/bme680/common.o
LOAD ./src/forced_mode.o
LOAD ./src/i2c.o
LOAD ./src/main.o
LOAD ./src/spi.o
LOAD C:\src\git\smoke_monitor\smoke_monitor\freertos\Debug\libfreertos.a
START GROUP
LOAD C:/ST/STM32CubeIDE_2.0.0/STM32CubeIDE/plugins/com.st.stm32cube.ide.mcu.externaltools.gnu-tools-for-stm32.13.3.rel1.win32_1.0.100.202509120712/tools/bin/../lib/gcc/arm-none-eabi/13.3.1/../../../../arm-none-eabi/lib/thumb/v7-m/nofp\libc_nano.a
LOAD C:/ST/STM32CubeIDE_2.0.0/STM32CubeIDE/plugins/com.st.stm32cube.ide.mcu.externaltools.gnu-tools-for-stm32.13.3.rel1.win32_1.0.100.202509120712/tools/bin/../lib/gcc/arm-none-eabi/13.3.1/../../../../arm-none-eabi/lib/thumb/v7-m/nofp\libm.a
END GROUP
START GROUP
LOAD C:/ST/STM32CubeIDE_2.0.0/STM32CubeIDE/plugins/com.st.stm32cube.ide.mcu.externaltools.gnu-tools-for-stm32.13.3.rel1.win32_1.0.100.202509120712/tools/bin/../lib/gcc/arm-none-eabi/13.3.1/thumb/v7-m/nofp\libgcc.a
LOAD C:/ST/STM32CubeIDE_2.0.0/STM32CubeIDE/plugins/com.st.stm32cube.ide.mcu.externaltools.gnu-tools-for-stm32.13.3.rel1.win32_1.0.100.202509120712/tools/bin/../lib/gcc/arm-none-eabi/13.3.1/../../../../arm-none-eabi/lib/thumb/v7-m/nofp\libc_nano.a
END GROUP
START GROUP
LOAD C:/ST/STM32CubeIDE_2.0.0/STM32CubeIDE/plugins/com.st.stm32cube.ide.mcu.externaltools.gnu-tools-for-stm32.13.3.rel1.win32_1.0.100.202509120712/tools/bin/../lib/gcc/arm-none-eabi/13.3.1/thumb/v7-m/nofp\libgcc.a
LOAD C:/ST/STM32CubeIDE_2.0.0/STM32CubeIDE/plugins/com.st.stm32cube.ide.mcu.externaltools.gnu-tools-for-stm32.13.3.rel1.win32_1.0.100.202509120712/tools/bin/../lib/gcc/arm-none-eabi/13.3.1/../../../../arm-none-eabi/lib/thumb/v7-m/nofp\libc_nano.a
LOAD C:/ST/STM32CubeIDE_2.0.0/STM32CubeIDE/plugins/com.st.stm32cube.ide.mcu.externaltools.gnu-tools-for-stm32.13.3.rel1.win32_1.0.100.202509120712/tools/bin/../lib/gcc/arm-none-eabi/13.3.1/../../../../arm-none-eabi/lib/thumb/v7-m/nofp\libnosys.a
END GROUP
START GROUP
LOAD C:/ST/STM32CubeIDE_2.0.0/STM32CubeIDE/plugins/com.st.stm32cube.ide.mcu.externaltools.gnu-tools-for-stm32.13.3.rel1.win32_1.0.100.202509120712/tools/bin/../lib/gcc/arm-none-eabi/13.3.1/thumb/v7-m/nofp\libgcc.a
LOAD C:/ST/STM32CubeIDE_2.0.0/STM32CubeIDE/plugins/com.st.stm32cube.ide.mcu.externaltools.gnu-tools-for-stm32.13.3.rel1.win32_1.0.100.202509120712/tools/bin/../lib/gcc/arm-none-eabi/13.3.1/../../../../arm-none-eabi/lib/thumb/v7-m/nofp\libc_nano.a
LOAD C:/ST/STM32CubeIDE_2.0.0/STM32CubeIDE/plugins/com.st.stm32cube.ide.mcu.externaltools.gnu-tools-for-stm32.13.3.rel1.win32_1.0.100.202509120712/tools/bin/../lib/gcc/arm-none-eabi/13.3.1/../../../../arm-none-eabi/lib/thumb/v7-m/nofp\libnosys.a
END GROUP
LOAD C:/ST/STM32CubeIDE_2.0.0/STM32CubeIDE/plugins/com.st.stm32cube.ide.mcu.externaltools.gnu-tools-for-stm32.13.3.rel1.win32_1.0.100.202509120712/tools/bin/../lib/gcc/arm-none-eabi/13.3.1/thumb/v7-m/nofp/crtend.o
LOAD C:/ST/STM32CubeIDE_2.0.0/STM32CubeIDE/plugins/com.st.stm32cube.ide.mcu.externaltools.gnu-tools-for-stm32.13.3.rel1.win32_1.0.100.202509120712/tools/bin/../lib/gcc/arm-none-eabi/13.3.1/thumb/v7-m/nofp/crtn.o
                0x20005000                        _estack = (ORIGIN (RAM) + LENGTH (RAM))
                0x00000200                        _Min_Heap_Size = 0x200
                0x00000400                        _Min_Stack_Size = 0x400

.isr_vector     0x08000000      0x10c
                0x08000000                        . = ALIGN (0x4)
 *(.isr_vector)
 .isr_vector    0x08000000      0x10c ./Core/Startup/startup_stm32f103c8tx.o
                0x08000000                g_pfnVectors
                0x0800010c                        . = ALIGN (0x4)

.text           0x08000110     0x808c
                0x08000110                        . = ALIGN (0x4)
 *(.text)
 .text          0x08000110       0x40 C:/ST/STM32CubeIDE_2.0.0/STM32CubeIDE/plugins/com.st.stm32cube.ide.mcu.externaltools.gnu-tools-for-stm32.13.3.rel1.win32_1.0.100.202509120712/tools/bin/../lib/gcc/arm-none-eabi/13.3.1/thumb/v7-m/nofp/crtbegin.o
 .text          0x08000150      0x21c C:/ST/STM32CubeIDE_2.0.0/STM32CubeIDE/plugins/com.st.stm32cube.ide.mcu.externaltools.gnu-tools-for-stm32.13.3.rel1.win32_1.0.100.202509120712/tools/bin/../lib/gcc/arm-none-eabi/13.3.1/thumb/v7-m/nofp\libgcc.a(_arm_addsubsf3.o)
                0x08000150                __aeabi_frsub
                0x08000158                __subsf3
                0x08000158                __aeabi_fsub
                0x0800015c                __aeabi_fadd
                0x0800015c                __addsf3
                0x080002bc                __aeabi_ui2f
                0x080002bc                __floatunsisf
                0x080002c4                __aeabi_i2f
                0x080002c4                __floatsisf
                0x080002e0                __aeabi_ul2f
                0x080002e0                __floatundisf
                0x080002f0                __aeabi_l2f
                0x080002f0                __floatdisf
 .text          0x0800036c      0x2a0 C:/ST/STM32CubeIDE_2.0.0/STM32CubeIDE/plugins/com.st.stm32cube.ide.mcu.externaltools.gnu-tools-for-stm32.13.3.rel1.win32_1.0.100.202509120712/tools/bin/../lib/gcc/arm-none-eabi/13.3.1/thumb/v7-m/nofp\libgcc.a(_arm_muldivsf3.o)
                0x0800036c                __mulsf3
                0x0800036c                __aeabi_fmul
                0x080004d4                __aeabi_fdiv
                0x080004d4                __divsf3
 .text          0x0800060c       0xec C:/ST/STM32CubeIDE_2.0.0/STM32CubeIDE/plugins/com.st.stm32cube.ide.mcu.externaltools.gnu-tools-for-stm32.13.3.rel1.win32_1.0.100.202509120712/tools/bin/../lib/gcc/arm-none-eabi/13.3.1/thumb/v7-m/nofp\libgcc.a(_arm_cmpsf2.o)
                0x0800060c                __gesf2
                0x0800060c                __gtsf2
                0x08000614                __lesf2
                0x08000614                __ltsf2
                0x0800061c                __nesf2
                0x0800061c                __eqsf2
                0x0800061c                __cmpsf2
                0x0800067c                __aeabi_cfrcmple
                0x08000684                __aeabi_cfcmpeq
                0x08000684                __aeabi_cfcmple
                0x08000694                __aeabi_fcmpeq
                0x080006a8                __aeabi_fcmplt
                0x080006bc                __aeabi_fcmple
                0x080006d0                __aeabi_fcmpge
                0x080006e4                __aeabi_fcmpgt
 .text          0x080006f8       0x4c C:/ST/STM32CubeIDE_2.0.0/STM32CubeIDE/plugins/com.st.stm32cube.ide.mcu.externaltools.gnu-tools-for-stm32.13.3.rel1.win32_1.0.100.202509120712/tools/bin/../lib/gcc/arm-none-eabi/13.3.1/thumb/v7-m/nofp\libgcc.a(_arm_fixsfsi.o)
                0x080006f8                __aeabi_f2iz
                0x080006f8                __fixsfsi
 .text          0x08000744       0x40 C:/ST/STM32CubeIDE_2.0.0/STM32CubeIDE/plugins/com.st.stm32cube.ide.mcu.externaltools.gnu-tools-for-stm32.13.3.rel1.win32_1.0.100.202509120712/tools/bin/../lib/gcc/arm-none-eabi/13.3.1/thumb/v7-m/nofp\libgcc.a(_arm_fixunssfsi.o)
                0x08000744                __fixunssfsi
                0x08000744                __aeabi_f2uiz
 *(.text*)
 .text.bme68x_init
                0x08000784       0x5c ./3rdParty/BME68x_SensorAPI/bme68x.o
                0x08000784                bme68x_init
 .text.bme68x_set_regs
                0x080007e0      0x11e ./3rdParty/BME68x_SensorAPI/bme68x.o
                0x080007e0                bme68x_set_regs
 .text.bme68x_get_regs
                0x080008fe       0x88 ./3rdParty/BME68x_SensorAPI/bme68x.o
                0x080008fe                bme68x_get_regs
 .text.bme68x_soft_reset
                0x08000986       0x86 ./3rdParty/BME68x_SensorAPI/bme68x.o
                0x08000986                bme68x_soft_reset
 .text.bme68x_set_conf
                0x08000a0c      0x214 ./3rdParty/BME68x_SensorAPI/bme68x.o
                0x08000a0c                bme68x_set_conf
 .text.bme68x_set_op_mode
                0x08000c20       0xc2 ./3rdParty/BME68x_SensorAPI/bme68x.o
                0x08000c20                bme68x_set_op_mode
 .text.bme68x_get_op_mode
                0x08000ce2       0x40 ./3rdParty/BME68x_SensorAPI/bme68x.o
                0x08000ce2                bme68x_get_op_mode
 *fill*         0x08000d22        0x2 
 .text.bme68x_get_meas_dur
                0x08000d24       0xe8 ./3rdParty/BME68x_SensorAPI/bme68x.o
                0x08000d24                bme68x_get_meas_dur
 .text.bme68x_get_data
                0x08000e0c      0x1fc ./3rdParty/BME68x_SensorAPI/bme68x.o
                0x08000e0c                bme68x_get_data
 .text.bme68x_set_heatr_conf
                0x08001008      0x114 ./3rdParty/BME68x_SensorAPI/bme68x.o
                0x08001008                bme68x_set_heatr_conf
 .text.calc_temperature
                0x0800111c      0x130 ./3rdParty/BME68x_SensorAPI/bme68x.o
 .text.calc_pressure
                0x0800124c      0x2c4 ./3rdParty/BME68x_SensorAPI/bme68x.o
 .text.calc_humidity
                0x08001510      0x1bc ./3rdParty/BME68x_SensorAPI/bme68x.o
 .text.calc_gas_resistance_low
                0x080016cc      0x168 ./3rdParty/BME68x_SensorAPI/bme68x.o
 .text.calc_gas_resistance_high
                0x08001834       0x6c ./3rdParty/BME68x_SensorAPI/bme68x.o
 .text.calc_res_heat
                0x080018a0      0x188 ./3rdParty/BME68x_SensorAPI/bme68x.o
 .text.calc_gas_wait
                0x08001a28       0x48 ./3rdParty/BME68x_SensorAPI/bme68x.o
 .text.read_field_data
                0x08001a70      0x272 ./3rdParty/BME68x_SensorAPI/bme68x.o
 .text.read_all_field_data
                0x08001ce2      0x436 ./3rdParty/BME68x_SensorAPI/bme68x.o
 .text.set_mem_page
                0x08002118       0xca ./3rdParty/BME68x_SensorAPI/bme68x.o
 .text.get_mem_page
                0x080021e2       0x5e ./3rdParty/BME68x_SensorAPI/bme68x.o
 .text.boundary_check
                0x08002240       0x5a ./3rdParty/BME68x_SensorAPI/bme68x.o
 .text.null_ptr_check
                0x0800229a       0x3c ./3rdParty/BME68x_SensorAPI/bme68x.o
 .text.set_conf
                0x080022d6      0x2a6 ./3rdParty/BME68x_SensorAPI/bme68x.o
 .text.calc_heatr_dur_shared
                0x0800257c       0x6c ./3rdParty/BME68x_SensorAPI/bme68x.o
 .text.sort_sensor_data
                0x080025e8       0xac ./3rdParty/BME68x_SensorAPI/bme68x.o
 .text.swap_fields
                0x08002694       0x46 ./3rdParty/BME68x_SensorAPI/bme68x.o
 .text.get_calib_data
                0x080026da      0x21e ./3rdParty/BME68x_SensorAPI/bme68x.o
 .text.read_variant_id
                0x080028f8       0x3a ./3rdParty/BME68x_SensorAPI/bme68x.o
 .text.pvPortMalloc
                0x08002932       0x24 ./3rdParty/freertos/Src/heap_3.o
                0x08002932                pvPortMalloc
 .text.vPortFree
                0x08002956       0x24 ./3rdParty/freertos/Src/heap_3.o
                0x08002956                vPortFree
 .text.vListInitialise
                0x0800297a       0x3e ./3rdParty/freertos/Src/list.o
                0x0800297a                vListInitialise
 .text.vListInitialiseItem
                0x080029b8       0x18 ./3rdParty/freertos/Src/list.o
                0x080029b8                vListInitialiseItem
 .text.vListInsert
                0x080029d0       0x70 ./3rdParty/freertos/Src/list.o
                0x080029d0                vListInsert
 .text.uxListRemove
                0x08002a40       0x52 ./3rdParty/freertos/Src/list.o
                0x08002a40                uxListRemove
 *fill*         0x08002a92        0x2 
 .text.pxPortInitialiseStack
                0x08002a94       0x58 ./3rdParty/freertos/Src/port.o
                0x08002a94                pxPortInitialiseStack
 .text.prvTaskExitError
                0x08002aec       0x58 ./3rdParty/freertos/Src/port.o
 *fill*         0x08002b44        0xc 
 .text.SVC_Handler
                0x08002b50       0x28 ./3rdParty/freertos/Src/port.o
                0x08002b50                SVC_Handler
 .text.prvPortStartFirstTask
                0x08002b78       0x24 ./3rdParty/freertos/Src/port.o
 .text.xPortStartScheduler
                0x08002b9c       0xe4 ./3rdParty/freertos/Src/port.o
                0x08002b9c                xPortStartScheduler
 .text.vPortEnterCritical
                0x08002c80       0x60 ./3rdParty/freertos/Src/port.o
                0x08002c80                vPortEnterCritical
 .text.vPortExitCritical
                0x08002ce0       0x54 ./3rdParty/freertos/Src/port.o
                0x08002ce0                vPortExitCritical
 *fill*         0x08002d34        0xc 
 .text.PendSV_Handler
                0x08002d40       0x48 ./3rdParty/freertos/Src/port.o
                0x08002d40                PendSV_Handler
 .text.SysTick_Handler
                0x08002d88       0x44 ./3rdParty/freertos/Src/port.o
                0x08002d88                SysTick_Handler
 .text.vPortSuppressTicksAndSleep
                0x08002dcc      0x194 ./3rdParty/freertos/Src/port.o
                0x08002dcc                vPortSuppressTicksAndSleep
 .text.vPortSetupTimerInterrupt
                0x08002f60       0x78 ./3rdParty/freertos/Src/port.o
                0x08002f60                vPortSetupTimerInterrupt
 .text.xQueueGenericReset
                0x08002fd8      0x124 ./3rdParty/freertos/Src/queue.o
                0x08002fd8                xQueueGenericReset
 .text.xQueueGenericCreate
                0x080030fc       0x9e ./3rdParty/freertos/Src/queue.o
                0x080030fc                xQueueGenericCreate
 .text.prvInitialiseNewQueue
                0x0800319a       0x46 ./3rdParty/freertos/Src/queue.o
 .text.xQueueReceive
                0x080031e0      0x1c4 ./3rdParty/freertos/Src/queue.o
                0x080031e0                xQueueReceive
 .text.prvCopyDataFromQueue
                0x080033a4       0x4c ./3rdParty/freertos/Src/queue.o
 .text.prvUnlockQueue
                0x080033f0       0xa4 ./3rdParty/freertos/Src/queue.o
 .text.prvIsQueueEmpty
                0x08003494       0x2c ./3rdParty/freertos/Src/queue.o
 .text.vQueueAddToRegistry
                0x080034c0       0x9c ./3rdParty/freertos/Src/queue.o
                0x080034c0                vQueueAddToRegistry
 .text.vQueueWaitForMessageRestricted
                0x0800355c       0x68 ./3rdParty/freertos/Src/queue.o
                0x0800355c                vQueueWaitForMessageRestricted
 .text.xTaskCreate
                0x080035c4       0x8a ./3rdParty/freertos/Src/tasks.o
                0x080035c4                xTaskCreate
 .text.prvInitialiseNewTask
                0x0800364e      0x120 ./3rdParty/freertos/Src/tasks.o
 *fill*         0x0800376e        0x2 
 .text.prvAddNewTaskToReadyList
                0x08003770      0x130 ./3rdParty/freertos/Src/tasks.o
 .text.vTaskDelay
                0x080038a0       0x6c ./3rdParty/freertos/Src/tasks.o
                0x080038a0                vTaskDelay
 .text.vTaskStartScheduler
                0x0800390c       0xa4 ./3rdParty/freertos/Src/tasks.o
                0x0800390c                vTaskStartScheduler
 .text.vTaskSuspendAll
                0x080039b0       0x1c ./3rdParty/freertos/Src/tasks.o
                0x080039b0                vTaskSuspendAll
 .text.prvGetExpectedIdleTime
                0x080039cc       0x6c ./3rdParty/freertos/Src/tasks.o
 .text.xTaskResumeAll
                0x08003a38      0x1fc ./3rdParty/freertos/Src/tasks.o
                0x08003a38                xTaskResumeAll
 .text.xTaskGetTickCount
                0x08003c34       0x1c ./3rdParty/freertos/Src/tasks.o
                0x08003c34                xTaskGetTickCount
 .text.vTaskStepTick
                0x08003c50       0xbc ./3rdParty/freertos/Src/tasks.o
                0x08003c50                vTaskStepTick
 .text.xTaskIncrementTick
                0x08003d0c      0x230 ./3rdParty/freertos/Src/tasks.o
                0x08003d0c                xTaskIncrementTick
 .text.vTaskSwitchContext
                0x08003f3c       0xbc ./3rdParty/freertos/Src/tasks.o
                0x08003f3c                vTaskSwitchContext
 .text.vTaskPlaceOnEventList
                0x08003ff8       0x4c ./3rdParty/freertos/Src/tasks.o
                0x08003ff8                vTaskPlaceOnEventList
 .text.vTaskPlaceOnEventListRestricted
                0x08004044       0x8c ./3rdParty/freertos/Src/tasks.o
                0x08004044                vTaskPlaceOnEventListRestricted
 .text.xTaskRemoveFromEventList
                0x080040d0      0x1b0 ./3rdParty/freertos/Src/tasks.o
                0x080040d0                xTaskRemoveFromEventList
 .text.vTaskInternalSetTimeOutState
                0x08004280       0x2c ./3rdParty/freertos/Src/tasks.o
                0x08004280                vTaskInternalSetTimeOutState
 .text.xTaskCheckForTimeOut
                0x080042ac       0xd0 ./3rdParty/freertos/Src/tasks.o
                0x080042ac                xTaskCheckForTimeOut
 .text.vTaskMissedYield
                0x0800437c       0x18 ./3rdParty/freertos/Src/tasks.o
                0x0800437c                vTaskMissedYield
 .text.prvIdleTask
                0x08004394       0x80 ./3rdParty/freertos/Src/tasks.o
 .text.eTaskConfirmSleepModeStatus
                0x08004414       0x6c ./3rdParty/freertos/Src/tasks.o
                0x08004414                eTaskConfirmSleepModeStatus
 .text.prvInitialiseTaskLists
                0x08004480       0x80 ./3rdParty/freertos/Src/tasks.o
 .text.prvCheckTasksWaitingTermination
                0x08004500       0x5c ./3rdParty/freertos/Src/tasks.o
 .text.prvDeleteTCB
                0x0800455c       0x20 ./3rdParty/freertos/Src/tasks.o
 .text.prvResetNextTaskUnblockTime
                0x0800457c       0x34 ./3rdParty/freertos/Src/tasks.o
 .text.xTaskGetSchedulerState
                0x080045b0       0x3c ./3rdParty/freertos/Src/tasks.o
                0x080045b0                xTaskGetSchedulerState
 .text.prvAddCurrentTaskToDelayedList
                0x080045ec       0xdc ./3rdParty/freertos/Src/tasks.o
 .text.xTimerCreateTimerTask
                0x080046c8       0x64 ./3rdParty/freertos/Src/timers.o
                0x080046c8                xTimerCreateTimerTask
 .text.prvReloadTimer
                0x0800472c       0x42 ./3rdParty/freertos/Src/timers.o
 *fill*         0x0800476e        0x2 
 .text.prvProcessExpiredTimer
                0x08004770       0x60 ./3rdParty/freertos/Src/timers.o
 .text.prvTimerTask
                0x080047d0       0x26 ./3rdParty/freertos/Src/timers.o
 *fill*         0x080047f6        0x2 
 .text.prvProcessTimerOrBlockTask
                0x080047f8       0x9c ./3rdParty/freertos/Src/timers.o
 .text.prvGetNextExpireTime
                0x08004894       0x44 ./3rdParty/freertos/Src/timers.o
 .text.prvSampleTimeNow
                0x080048d8       0x40 ./3rdParty/freertos/Src/timers.o
 .text.prvInsertTimerInActiveList
                0x08004918       0x84 ./3rdParty/freertos/Src/timers.o
 .text.prvProcessReceivedCommands
                0x0800499c      0x184 ./3rdParty/freertos/Src/timers.o
 .text.prvSwitchTimerLists
                0x08004b20       0x4c ./3rdParty/freertos/Src/timers.o
 .text.prvCheckForValidListAndQueue
                0x08004b6c       0x6c ./3rdParty/freertos/Src/timers.o
 .text.HAL_MspInit
                0x08004bd8       0x64 ./Core/Src/stm32f1xx_hal_msp.o
                0x08004bd8                HAL_MspInit
 .text.HAL_InitTick
                0x08004c3c       0xac ./Core/Src/stm32f1xx_hal_timebase_tim.o
                0x08004c3c                HAL_InitTick
 .text.NMI_Handler
                0x08004ce8        0x8 ./Core/Src/stm32f1xx_it.o
                0x08004ce8                NMI_Handler
 .text.HardFault_Handler
                0x08004cf0        0x8 ./Core/Src/stm32f1xx_it.o
                0x08004cf0                HardFault_Handler
 .text.MemManage_Handler
                0x08004cf8        0x8 ./Core/Src/stm32f1xx_it.o
                0x08004cf8                MemManage_Handler
 .text.BusFault_Handler
                0x08004d00        0x8 ./Core/Src/stm32f1xx_it.o
                0x08004d00                BusFault_Handler
 .text.UsageFault_Handler
                0x08004d08        0x8 ./Core/Src/stm32f1xx_it.o
                0x08004d08                UsageFault_Handler
 .text.DebugMon_Handler
                0x08004d10        0xc ./Core/Src/stm32f1xx_it.o
                0x08004d10                DebugMon_Handler
 .text.TIM1_UP_IRQHandler
                0x08004d1c       0x14 ./Core/Src/stm32f1xx_it.o
                0x08004d1c                TIM1_UP_IRQHandler
 .text._read    0x08004d30       0x3a ./Core/Src/syscalls.o
                0x08004d30                _read
 .text._write   0x08004d6a       0x38 ./Core/Src/syscalls.o
                0x08004d6a                _write
 .text._close   0x08004da2       0x16 ./Core/Src/syscalls.o
                0x08004da2                _close
 .text._fstat   0x08004db8       0x1e ./Core/Src/syscalls.o
                0x08004db8                _fstat
 .text._isatty  0x08004dd6       0x14 ./Core/Src/syscalls.o
                0x08004dd6                _isatty
 .text._lseek   0x08004dea       0x18 ./Core/Src/syscalls.o
                0x08004dea                _lseek
 *fill*         0x08004e02        0x2 
 .text._sbrk    0x08004e04       0x6c ./Core/Src/sysmem.o
                0x08004e04                _sbrk
 .text.SystemInit
                0x08004e70        0xc ./Core/Src/system_stm32f1xx.o
                0x08004e70                SystemInit
 .text.Reset_Handler
                0x08004e7c       0x48 ./Core/Startup/startup_stm32f103c8tx.o
                0x08004e7c                Reset_Handler
 .text.Default_Handler
                0x08004ec4        0x2 ./Core/Startup/startup_stm32f103c8tx.o
                0x08004ec4                RTC_Alarm_IRQHandler
                0x08004ec4                EXTI2_IRQHandler
                0x08004ec4                TIM1_CC_IRQHandler
                0x08004ec4                PVD_IRQHandler
                0x08004ec4                EXTI3_IRQHandler
                0x08004ec4                EXTI0_IRQHandler
                0x08004ec4                I2C2_EV_IRQHandler
                0x08004ec4                ADC1_2_IRQHandler
                0x08004ec4                SPI1_IRQHandler
                0x08004ec4                TAMPER_IRQHandler
                0x08004ec4                DMA1_Channel4_IRQHandler
                0x08004ec4                USART3_IRQHandler
                0x08004ec4                RTC_IRQHandler
                0x08004ec4                DMA1_Channel7_IRQHandler
                0x08004ec4                CAN1_RX1_IRQHandler
                0x08004ec4                TIM4_IRQHandler
                0x08004ec4                I2C1_EV_IRQHandler
                0x08004ec4                DMA1_Channel6_IRQHandler
                0x08004ec4                TIM3_IRQHandler
                0x08004ec4                RCC_IRQHandler
                0x08004ec4                TIM1_TRG_COM_IRQHandler
                0x08004ec4                DMA1_Channel1_IRQHandler
                0x08004ec4                Default_Handler
                0x08004ec4                EXTI15_10_IRQHandler
                0x08004ec4                EXTI9_5_IRQHandler
                0x08004ec4                SPI2_IRQHandler
                0x08004ec4                DMA1_Channel5_IRQHandler
                0x08004ec4                EXTI4_IRQHandler
                0x08004ec4                USB_LP_CAN1_RX0_IRQHandler
                0x08004ec4                USB_HP_CAN1_TX_IRQHandler
                0x08004ec4                DMA1_Channel3_IRQHandler
                0x08004ec4                WWDG_IRQHandler
                0x08004ec4                TIM2_IRQHandler
                0x08004ec4                TIM1_BRK_IRQHandler
                0x08004ec4                EXTI1_IRQHandler
                0x08004ec4                USART2_IRQHandler
                0x08004ec4                I2C2_ER_IRQHandler
                0x08004ec4                DMA1_Channel2_IRQHandler
                0x08004ec4                CAN1_SCE_IRQHandler
                0x08004ec4                FLASH_IRQHandler
                0x08004ec4                USART1_IRQHandler
                0x08004ec4                I2C1_ER_IRQHandler
                0x08004ec4                USBWakeUp_IRQHandler
 *fill*         0x08004ec6        0x2 
 .text.HAL_Init
                0x08004ec8       0x2c ./Drivers/STM32F1xx_HAL_Driver/Src/stm32f1xx_hal.o
                0x08004ec8                HAL_Init
 .text.HAL_IncTick
                0x08004ef4       0x24 ./Drivers/STM32F1xx_HAL_Driver/Src/stm32f1xx_hal.o
                0x08004ef4                HAL_IncTick
 .text.HAL_GetTick
                0x08004f18       0x14 ./Drivers/STM32F1xx_HAL_Driver/Src/stm32f1xx_hal.o
                0x08004f18                HAL_GetTick
 .text.__NVIC_SetPriorityGrouping
                0x08004f2c       0x48 ./Drivers/STM32F1xx_HAL_Driver/Src/stm32f1xx_hal_cortex.o
 .text.__NVIC_GetPriorityGrouping
                0x08004f74       0x1c ./Drivers/STM32F1xx_HAL_Driver/Src/stm32f1xx_hal_cortex.o
 .text.__NVIC_EnableIRQ
                0x08004f90       0x38 ./Drivers/STM32F1xx_HAL_Driver/Src/stm32f1xx_hal_cortex.o
 .text.__NVIC_SetPriority
                0x08004fc8       0x54 ./Drivers/STM32F1xx_HAL_Driver/Src/stm32f1xx_hal_cortex.o
 .text.NVIC_EncodePriority
                0x0800501c       0x64 ./Drivers/STM32F1xx_HAL_Driver/Src/stm32f1xx_hal_cortex.o
 .text.HAL_NVIC_SetPriorityGrouping
                0x08005080       0x16 ./Drivers/STM32F1xx_HAL_Driver/Src/stm32f1xx_hal_cortex.o
                0x08005080                HAL_NVIC_SetPriorityGrouping
 .text.HAL_NVIC_SetPriority
                0x08005096       0x38 ./Drivers/STM32F1xx_HAL_Driver/Src/stm32f1xx_hal_cortex.o
                0x08005096                HAL_NVIC_SetPriority
 .text.HAL_NVIC_EnableIRQ
                0x080050ce       0x1c ./Drivers/STM32F1xx_HAL_Driver/Src/stm32f1xx_hal_cortex.o
                0x080050ce                HAL_NVIC_EnableIRQ
 *fill*         0x080050ea        0x2 
 .text.HAL_GPIO_Init
                0x080050ec      0x308 ./Drivers/STM32F1xx_HAL_Driver/Src/stm32f1xx_hal_gpio.o
                0x080050ec                HAL_GPIO_Init
 .text.HAL_GPIO_WritePin
                0x080053f4       0x30 ./Drivers/STM32F1xx_HAL_Driver/Src/stm32f1xx_hal_gpio.o
                0x080053f4                HAL_GPIO_WritePin
 .text.HAL_I2C_Init
                0x08005424      0x288 ./Drivers/STM32F1xx_HAL_Driver/Src/stm32f1xx_hal_i2c.o
                0x08005424                HAL_I2C_Init
 .text.HAL_RCC_OscConfig
                0x080056ac      0x504 ./Drivers/STM32F1xx_HAL_Driver/Src/stm32f1xx_hal_rcc.o
                0x080056ac                HAL_RCC_OscConfig
 .text.HAL_RCC_ClockConfig
                0x08005bb0      0x1d4 ./Drivers/STM32F1xx_HAL_Driver/Src/stm32f1xx_hal_rcc.o
                0x08005bb0                HAL_RCC_ClockConfig
 .text.HAL_RCC_GetSysClockFreq
                0x08005d84       0xa8 ./Drivers/STM32F1xx_HAL_Driver/Src/stm32f1xx_hal_rcc.o
                0x08005d84                HAL_RCC_GetSysClockFreq
 .text.HAL_RCC_GetHCLKFreq
                0x08005e2c       0x14 ./Drivers/STM32F1xx_HAL_Driver/Src/stm32f1xx_hal_rcc.o
                0x08005e2c                HAL_RCC_GetHCLKFreq
 .text.HAL_RCC_GetPCLK1Freq
                0x08005e40       0x28 ./Drivers/STM32F1xx_HAL_Driver/Src/stm32f1xx_hal_rcc.o
                0x08005e40                HAL_RCC_GetPCLK1Freq
 .text.HAL_RCC_GetPCLK2Freq
                0x08005e68       0x28 ./Drivers/STM32F1xx_HAL_Driver/Src/stm32f1xx_hal_rcc.o
                0x08005e68                HAL_RCC_GetPCLK2Freq
 .text.HAL_RCC_GetClockConfig
                0x08005e90       0x60 ./Drivers/STM32F1xx_HAL_Driver/Src/stm32f1xx_hal_rcc.o
                0x08005e90                HAL_RCC_GetClockConfig
 .text.RCC_Delay
                0x08005ef0       0x3c ./Drivers/STM32F1xx_HAL_Driver/Src/stm32f1xx_hal_rcc.o
 .text.HAL_SPI_Init
                0x08005f2c      0x108 ./Drivers/STM32F1xx_HAL_Driver/Src/stm32f1xx_hal_spi.o
                0x08005f2c                HAL_SPI_Init
 .text.HAL_SPI_MspInit
                0x08006034       0x12 ./Drivers/STM32F1xx_HAL_Driver/Src/stm32f1xx_hal_spi.o
                0x08006034                HAL_SPI_MspInit
 .text.HAL_SPI_Transmit
                0x08006046      0x286 ./Drivers/STM32F1xx_HAL_Driver/Src/stm32f1xx_hal_spi.o
                0x08006046                HAL_SPI_Transmit
 .text.HAL_SPI_TransmitReceive
                0x080062cc      0x360 ./Drivers/STM32F1xx_HAL_Driver/Src/stm32f1xx_hal_spi.o
                0x080062cc                HAL_SPI_TransmitReceive
 .text.SPI_WaitFlagStateUntilTimeout
                0x0800662c      0x110 ./Drivers/STM32F1xx_HAL_Driver/Src/stm32f1xx_hal_spi.o
 .text.SPI_EndRxTxTransaction
                0x0800673c       0x3c ./Drivers/STM32F1xx_HAL_Driver/Src/stm32f1xx_hal_spi.o
 .text.HAL_TIM_Base_Init
                0x08006778       0x9e ./Drivers/STM32F1xx_HAL_Driver/Src/stm32f1xx_hal_tim.o
                0x08006778                HAL_TIM_Base_Init
 .text.HAL_TIM_Base_MspInit
                0x08006816       0x12 ./Drivers/STM32F1xx_HAL_Driver/Src/stm32f1xx_hal_tim.o
                0x08006816                HAL_TIM_Base_MspInit
 .text.HAL_TIM_Base_Start_IT
                0x08006828       0xa4 ./Drivers/STM32F1xx_HAL_Driver/Src/stm32f1xx_hal_tim.o
                0x08006828                HAL_TIM_Base_Start_IT
 .text.HAL_TIM_IRQHandler
                0x080068cc      0x210 ./Drivers/STM32F1xx_HAL_Driver/Src/stm32f1xx_hal_tim.o
                0x080068cc                HAL_TIM_IRQHandler
 .text.HAL_TIM_OC_DelayElapsedCallback
                0x08006adc       0x12 ./Drivers/STM32F1xx_HAL_Driver/Src/stm32f1xx_hal_tim.o
                0x08006adc                HAL_TIM_OC_DelayElapsedCallback
 .text.HAL_TIM_IC_CaptureCallback
                0x08006aee       0x12 ./Drivers/STM32F1xx_HAL_Driver/Src/stm32f1xx_hal_tim.o
                0x08006aee                HAL_TIM_IC_CaptureCallback
 .text.HAL_TIM_PWM_PulseFinishedCallback
                0x08006b00       0x12 ./Drivers/STM32F1xx_HAL_Driver/Src/stm32f1xx_hal_tim.o
                0x08006b00                HAL_TIM_PWM_PulseFinishedCallback
 .text.HAL_TIM_TriggerCallback
                0x08006b12       0x12 ./Drivers/STM32F1xx_HAL_Driver/Src/stm32f1xx_hal_tim.o
                0x08006b12                HAL_TIM_TriggerCallback
 .text.TIM_Base_SetConfig
                0x08006b24       0xc4 ./Drivers/STM32F1xx_HAL_Driver/Src/stm32f1xx_hal_tim.o
                0x08006b24                TIM_Base_SetConfig
 .text.HAL_TIMEx_CommutCallback
                0x08006be8       0x12 ./Drivers/STM32F1xx_HAL_Driver/Src/stm32f1xx_hal_tim_ex.o
                0x08006be8                HAL_TIMEx_CommutCallback
 .text.HAL_TIMEx_BreakCallback
                0x08006bfa       0x12 ./Drivers/STM32F1xx_HAL_Driver/Src/stm32f1xx_hal_tim_ex.o
                0x08006bfa                HAL_TIMEx_BreakCallback
 .text.bme68x_spi_read
                0x08006c0c       0x64 ./src/bme680/common.o
                0x08006c0c                bme68x_spi_read
 .text.bme68x_spi_write
                0x08006c70       0x68 ./src/bme680/common.o
                0x08006c70                bme68x_spi_write
 .text.bme68x_delay_us
                0x08006cd8       0x28 ./src/bme680/common.o
                0x08006cd8                bme68x_delay_us
 .text.bme68x_check_rslt
                0x08006d00       0xd4 ./src/bme680/common.o
                0x08006d00                bme68x_check_rslt
 .text.bme68x_interface_init
                0x08006dd4       0x8c ./src/bme680/common.o
                0x08006dd4                bme68x_interface_init
 .text.bme_task
                0x08006e60      0x17c ./src/forced_mode.o
                0x08006e60                bme_task
 .text.MX_I2C1_Init
                0x08006fdc       0x58 ./src/i2c.o
                0x08006fdc                MX_I2C1_Init
 .text.HAL_I2C_MspInit
                0x08007034       0x80 ./src/i2c.o
                0x08007034                HAL_I2C_MspInit
 .text.main     0x080070b4       0x50 ./src/main.o
                0x080070b4                main
 .text.SystemClock_Config
                0x08007104       0x8a ./src/main.o
                0x08007104                SystemClock_Config
 *fill*         0x0800718e        0x2 
 .text.MX_GPIO_Init
                0x08007190       0xb0 ./src/main.o
 .text.HAL_TIM_PeriodElapsedCallback
                0x08007240       0x24 ./src/main.o
                0x08007240                HAL_TIM_PeriodElapsedCallback
 .text.Error_Handler
                0x08007264        0xc ./src/main.o
                0x08007264                Error_Handler
 .text.MX_SPI1_Init
                0x08007270       0x68 ./src/spi.o
                0x08007270                MX_SPI1_Init
 .text.malloc   0x080072d8       0x10 C:/ST/STM32CubeIDE_2.0.0/STM32CubeIDE/plugins/com.st.stm32cube.ide.mcu.externaltools.gnu-tools-for-stm32.13.3.rel1.win32_1.0.100.202509120712/tools/bin/../lib/gcc/arm-none-eabi/13.3.1/../../../../arm-none-eabi/lib/thumb/v7-m/nofp\libc_nano.a(libc_a-malloc.o)
                0x080072d8                malloc
 .text.free     0x080072e8       0x10 C:/ST/STM32CubeIDE_2.0.0/STM32CubeIDE/plugins/com.st.stm32cube.ide.mcu.externaltools.gnu-tools-for-stm32.13.3.rel1.win32_1.0.100.202509120712/tools/bin/../lib/gcc/arm-none-eabi/13.3.1/../../../../arm-none-eabi/lib/thumb/v7-m/nofp\libc_nano.a(libc_a-malloc.o)
                0x080072e8                free
 .text.sbrk_aligned
                0x080072f8       0x44 C:/ST/STM32CubeIDE_2.0.0/STM32CubeIDE/plugins/com.st.stm32cube.ide.mcu.externaltools.gnu-tools-for-stm32.13.3.rel1.win32_1.0.100.202509120712/tools/bin/../lib/gcc/arm-none-eabi/13.3.1/../../../../arm-none-eabi/lib/thumb/v7-m/nofp\libc_nano.a(libc_a-mallocr.o)
 .text._malloc_r
                0x0800733c      0x100 C:/ST/STM32CubeIDE_2.0.0/STM32CubeIDE/plugins/com.st.stm32cube.ide.mcu.externaltools.gnu-tools-for-stm32.13.3.rel1.win32_1.0.100.202509120712/tools/bin/../lib/gcc/arm-none-eabi/13.3.1/../../../../arm-none-eabi/lib/thumb/v7-m/nofp\libc_nano.a(libc_a-mallocr.o)
                0x0800733c                _malloc_r
 .text.__malloc_lock
                0x0800743c        0xc C:/ST/STM32CubeIDE_2.0.0/STM32CubeIDE/plugins/com.st.stm32cube.ide.mcu.externaltools.gnu-tools-for-stm32.13.3.rel1.win32_1.0.100.202509120712/tools/bin/../lib/gcc/arm-none-eabi/13.3.1/../../../../arm-none-eabi/lib/thumb/v7-m/nofp\libc_nano.a(libc_a-mlock.o)
                0x0800743c                __malloc_lock
 .text.__malloc_unlock
                0x08007448        0xc C:/ST/STM32CubeIDE_2.0.0/STM32CubeIDE/plugins/com.st.stm32cube.ide.mcu.externaltools.gnu-tools-for-stm32.13.3.rel1.win32_1.0.100.202509120712/tools/bin/../lib/gcc/arm-none-eabi/13.3.1/../../../../arm-none-eabi/lib/thumb/v7-m/nofp\libc_nano.a(libc_a-mlock.o)
                0x08007448                __malloc_unlock
 .text.std      0x08007454       0x6c C:/ST/STM32CubeIDE_2.0.0/STM32CubeIDE/plugins/com.st.stm32cube.ide.mcu.externaltools.gnu-tools-for-stm32.13.3.rel1.win32_1.0.100.202509120712/tools/bin/../lib/gcc/arm-none-eabi/13.3.1/../../../../arm-none-eabi/lib/thumb/v7-m/nofp\libc_nano.a(libc_a-findfp.o)
 .text.stdio_exit_handler
                0x080074c0       0x18 C:/ST/STM32CubeIDE_2.0.0/STM32CubeIDE/plugins/com.st.stm32cube.ide.mcu.externaltools.gnu-tools-for-stm32.13.3.rel1.win32_1.0.100.202509120712/tools/bin/../lib/gcc/arm-none-eabi/13.3.1/../../../../arm-none-eabi/lib/thumb/v7-m/nofp\libc_nano.a(libc_a-findfp.o)
 .text.cleanup_stdio
                0x080074d8       0x40 C:/ST/STM32CubeIDE_2.0.0/STM32CubeIDE/plugins/com.st.stm32cube.ide.mcu.externaltools.gnu-tools-for-stm32.13.3.rel1.win32_1.0.100.202509120712/tools/bin/../lib/gcc/arm-none-eabi/13.3.1/../../../../arm-none-eabi/lib/thumb/v7-m/nofp\libc_nano.a(libc_a-findfp.o)
 .text.global_stdio_init.part.0
                0x08007518       0x3c C:/ST/STM32CubeIDE_2.0.0/STM32CubeIDE/plugins/com.st.stm32cube.ide.mcu.externaltools.gnu-tools-for-stm32.13.3.rel1.win32_1.0.100.202509120712/tools/bin/../lib/gcc/arm-none-eabi/13.3.1/../../../../arm-none-eabi/lib/thumb/v7-m/nofp\libc_nano.a(libc_a-findfp.o)
 .text.__sfp_lock_acquire
                0x08007554        0xc C:/ST/STM32CubeIDE_2.0.0/STM32CubeIDE/plugins/com.st.stm32cube.ide.mcu.externaltools.gnu-tools-for-stm32.13.3.rel1.win32_1.0.100.202509120712/tools/bin/../lib/gcc/arm-none-eabi/13.3.1/../../../../arm-none-eabi/lib/thumb/v7-m/nofp\libc_nano.a(libc_a-findfp.o)
                0x08007554                __sfp_lock_acquire
 .text.__sfp_lock_release
                0x08007560        0xc C:/ST/STM32CubeIDE_2.0.0/STM32CubeIDE/plugins/com.st.stm32cube.ide.mcu.externaltools.gnu-tools-for-stm32.13.3.rel1.win32_1.0.100.202509120712/tools/bin/../lib/gcc/arm-none-eabi/13.3.1/../../../../arm-none-eabi/lib/thumb/v7-m/nofp\libc_nano.a(libc_a-findfp.o)
                0x08007560                __sfp_lock_release
 .text.__sinit  0x0800756c       0x30 C:/ST/STM32CubeIDE_2.0.0/STM32CubeIDE/plugins/com.st.stm32cube.ide.mcu.externaltools.gnu-tools-for-stm32.13.3.rel1.win32_1.0.100.202509120712/tools/bin/../lib/gcc/arm-none-eabi/13.3.1/../../../../arm-none-eabi/lib/thumb/v7-m/nofp\libc_nano.a(libc_a-findfp.o)
                0x0800756c                __sinit
 .text._fwalk_sglue
                0x0800759c       0x3c C:/ST/STM32CubeIDE_2.0.0/STM32CubeIDE/plugins/com.st.stm32cube.ide.mcu.externaltools.gnu-tools-for-stm32.13.3.rel1.win32_1.0.100.202509120712/tools/bin/../lib/gcc/arm-none-eabi/13.3.1/../../../../arm-none-eabi/lib/thumb/v7-m/nofp\libc_nano.a(libc_a-fwalk.o)
                0x0800759c                _fwalk_sglue
 .text.printf   0x080075d8       0x24 C:/ST/STM32CubeIDE_2.0.0/STM32CubeIDE/plugins/com.st.stm32cube.ide.mcu.externaltools.gnu-tools-for-stm32.13.3.rel1.win32_1.0.100.202509120712/tools/bin/../lib/gcc/arm-none-eabi/13.3.1/../../../../arm-none-eabi/lib/thumb/v7-m/nofp\libc_nano.a(libc_a-printf.o)
                0x080075d8                iprintf
                0x080075d8                printf
 .text.__sread  0x080075fc       0x22 C:/ST/STM32CubeIDE_2.0.0/STM32CubeIDE/plugins/com.st.stm32cube.ide.mcu.externaltools.gnu-tools-for-stm32.13.3.rel1.win32_1.0.100.202509120712/tools/bin/../lib/gcc/arm-none-eabi/13.3.1/../../../../arm-none-eabi/lib/thumb/v7-m/nofp\libc_nano.a(libc_a-stdio.o)
                0x080075fc                __sread
 .text.__swrite
                0x0800761e       0x38 C:/ST/STM32CubeIDE_2.0.0/STM32CubeIDE/plugins/com.st.stm32cube.ide.mcu.externaltools.gnu-tools-for-stm32.13.3.rel1.win32_1.0.100.202509120712/tools/bin/../lib/gcc/arm-none-eabi/13.3.1/../../../../arm-none-eabi/lib/thumb/v7-m/nofp\libc_nano.a(libc_a-stdio.o)
                0x0800761e                __swrite
 .text.__sseek  0x08007656       0x24 C:/ST/STM32CubeIDE_2.0.0/STM32CubeIDE/plugins/com.st.stm32cube.ide.mcu.externaltools.gnu-tools-for-stm32.13.3.rel1.win32_1.0.100.202509120712/tools/bin/../lib/gcc/arm-none-eabi/13.3.1/../../../../arm-none-eabi/lib/thumb/v7-m/nofp\libc_nano.a(libc_a-stdio.o)
                0x08007656                __sseek
 .text.__sclose
                0x0800767a        0x8 C:/ST/STM32CubeIDE_2.0.0/STM32CubeIDE/plugins/com.st.stm32cube.ide.mcu.externaltools.gnu-tools-for-stm32.13.3.rel1.win32_1.0.100.202509120712/tools/bin/../lib/gcc/arm-none-eabi/13.3.1/../../../../arm-none-eabi/lib/thumb/v7-m/nofp\libc_nano.a(libc_a-stdio.o)
                0x0800767a                __sclose
 .text.memset   0x08007682       0x10 C:/ST/STM32CubeIDE_2.0.0/STM32CubeIDE/plugins/com.st.stm32cube.ide.mcu.externaltools.gnu-tools-for-stm32.13.3.rel1.win32_1.0.100.202509120712/tools/bin/../lib/gcc/arm-none-eabi/13.3.1/../../../../arm-none-eabi/lib/thumb/v7-m/nofp\libc_nano.a(libc_a-memset.o)
                0x08007682                memset
 *fill*         0x08007692        0x2 
 .text._close_r
                0x08007694       0x20 C:/ST/STM32CubeIDE_2.0.0/STM32CubeIDE/plugins/com.st.stm32cube.ide.mcu.externaltools.gnu-tools-for-stm32.13.3.rel1.win32_1.0.100.202509120712/tools/bin/../lib/gcc/arm-none-eabi/13.3.1/../../../../arm-none-eabi/lib/thumb/v7-m/nofp\libc_nano.a(libc_a-closer.o)
                0x08007694                _close_r
 .text._lseek_r
                0x080076b4       0x24 C:/ST/STM32CubeIDE_2.0.0/STM32CubeIDE/plugins/com.st.stm32cube.ide.mcu.externaltools.gnu-tools-for-stm32.13.3.rel1.win32_1.0.100.202509120712/tools/bin/../lib/gcc/arm-none-eabi/13.3.1/../../../../arm-none-eabi/lib/thumb/v7-m/nofp\libc_nano.a(libc_a-lseekr.o)
                0x080076b4                _lseek_r
 .text._read_r  0x080076d8       0x24 C:/ST/STM32CubeIDE_2.0.0/STM32CubeIDE/plugins/com.st.stm32cube.ide.mcu.externaltools.gnu-tools-for-stm32.13.3.rel1.win32_1.0.100.202509120712/tools/bin/../lib/gcc/arm-none-eabi/13.3.1/../../../../arm-none-eabi/lib/thumb/v7-m/nofp\libc_nano.a(libc_a-readr.o)
                0x080076d8                _read_r
 .text._sbrk_r  0x080076fc       0x20 C:/ST/STM32CubeIDE_2.0.0/STM32CubeIDE/plugins/com.st.stm32cube.ide.mcu.externaltools.gnu-tools-for-stm32.13.3.rel1.win32_1.0.100.202509120712/tools/bin/../lib/gcc/arm-none-eabi/13.3.1/../../../../arm-none-eabi/lib/thumb/v7-m/nofp\libc_nano.a(libc_a-sbrkr.o)
                0x080076fc                _sbrk_r
 .text._write_r
                0x0800771c       0x24 C:/ST/STM32CubeIDE_2.0.0/STM32CubeIDE/plugins/com.st.stm32cube.ide.mcu.externaltools.gnu-tools-for-stm32.13.3.rel1.win32_1.0.100.202509120712/tools/bin/../lib/gcc/arm-none-eabi/13.3.1/../../../../arm-none-eabi/lib/thumb/v7-m/nofp\libc_nano.a(libc_a-writer.o)
                0x0800771c                _write_r
 .text.__errno  0x08007740        0xc C:/ST/STM32CubeIDE_2.0.0/STM32CubeIDE/plugins/com.st.stm32cube.ide.mcu.externaltools.gnu-tools-for-stm32.13.3.rel1.win32_1.0.100.202509120712/tools/bin/../lib/gcc/arm-none-eabi/13.3.1/../../../../arm-none-eabi/lib/thumb/v7-m/nofp\libc_nano.a(libc_a-errno.o)
                0x08007740                __errno
 .text.__libc_init_array
                0x0800774c       0x48 C:/ST/STM32CubeIDE_2.0.0/STM32CubeIDE/plugins/com.st.stm32cube.ide.mcu.externaltools.gnu-tools-for-stm32.13.3.rel1.win32_1.0.100.202509120712/tools/bin/../lib/gcc/arm-none-eabi/13.3.1/../../../../arm-none-eabi/lib/thumb/v7-m/nofp\libc_nano.a(libc_a-init.o)
                0x0800774c                __libc_init_array
 .text.__retarget_lock_init_recursive
                0x08007794        0x2 C:/ST/STM32CubeIDE_2.0.0/STM32CubeIDE/plugins/com.st.stm32cube.ide.mcu.externaltools.gnu-tools-for-stm32.13.3.rel1.win32_1.0.100.202509120712/tools/bin/../lib/gcc/arm-none-eabi/13.3.1/../../../../arm-none-eabi/lib/thumb/v7-m/nofp\libc_nano.a(libc_a-lock.o)
                0x08007794                __retarget_lock_init_recursive
 .text.__retarget_lock_acquire_recursive
                0x08007796        0x2 C:/ST/STM32CubeIDE_2.0.0/STM32CubeIDE/plugins/com.st.stm32cube.ide.mcu.externaltools.gnu-tools-for-stm32.13.3.rel1.win32_1.0.100.202509120712/tools/bin/../lib/gcc/arm-none-eabi/13.3.1/../../../../arm-none-eabi/lib/thumb/v7-m/nofp\libc_nano.a(libc_a-lock.o)
                0x08007796                __retarget_lock_acquire_recursive
 .text.__retarget_lock_release_recursive
                0x08007798        0x2 C:/ST/STM32CubeIDE_2.0.0/STM32CubeIDE/plugins/com.st.stm32cube.ide.mcu.externaltools.gnu-tools-for-stm32.13.3.rel1.win32_1.0.100.202509120712/tools/bin/../lib/gcc/arm-none-eabi/13.3.1/../../../../arm-none-eabi/lib/thumb/v7-m/nofp\libc_nano.a(libc_a-lock.o)
                0x08007798                __retarget_lock_release_recursive
 .text.memcpy   0x0800779a       0x1c C:/ST/STM32CubeIDE_2.0.0/STM32CubeIDE/plugins/com.st.stm32cube.ide.mcu.externaltools.gnu-tools-for-stm32.13.3.rel1.win32_1.0.100.202509120712/tools/bin/../lib/gcc/arm-none-eabi/13.3.1/../../../../arm-none-eabi/lib/thumb/v7-m/nofp\libc_nano.a(libc_a-memcpy-stub.o)
                0x0800779a                memcpy
 *fill*         0x080077b6        0x2 
 .text._free_r  0x080077b8       0x90 C:/ST/STM32CubeIDE_2.0.0/STM32CubeIDE/plugins/com.st.stm32cube.ide.mcu.externaltools.gnu-tools-for-stm32.13.3.rel1.win32_1.0.100.202509120712/tools/bin/../lib/gcc/arm-none-eabi/13.3.1/../../../../arm-none-eabi/lib/thumb/v7-m/nofp\libc_nano.a(libc_a-freer.o)
                0x080077b8                _free_r
 .text.__sfputc_r
                0x08007848       0x2a C:/ST/STM32CubeIDE_2.0.0/STM32CubeIDE/plugins/com.st.stm32cube.ide.mcu.externaltools.gnu-tools-for-stm32.13.3.rel1.win32_1.0.100.202509120712/tools/bin/../lib/gcc/arm-none-eabi/13.3.1/../../../../arm-none-eabi/lib/thumb/v7-m/nofp\libc_nano.a(libc_a-nano-vfprintf.o)
 .text.__sfputs_r
                0x08007872       0x24 C:/ST/STM32CubeIDE_2.0.0/STM32CubeIDE/plugins/com.st.stm32cube.ide.mcu.externaltools.gnu-tools-for-stm32.13.3.rel1.win32_1.0.100.202509120712/tools/bin/../lib/gcc/arm-none-eabi/13.3.1/../../../../arm-none-eabi/lib/thumb/v7-m/nofp\libc_nano.a(libc_a-nano-vfprintf.o)
                0x08007872                __sfputs_r
 *fill*         0x08007896        0x2 
 .text._vfprintf_r
                0x08007898      0x230 C:/ST/STM32CubeIDE_2.0.0/STM32CubeIDE/plugins/com.st.stm32cube.ide.mcu.externaltools.gnu-tools-for-stm32.13.3.rel1.win32_1.0.100.202509120712/tools/bin/../lib/gcc/arm-none-eabi/13.3.1/../../../../arm-none-eabi/lib/thumb/v7-m/nofp\libc_nano.a(libc_a-nano-vfprintf.o)
                0x08007898                _vfprintf_r
                0x08007898                _vfiprintf_r
 .text._printf_common
                0x08007ac8       0xe4 C:/ST/STM32CubeIDE_2.0.0/STM32CubeIDE/plugins/com.st.stm32cube.ide.mcu.externaltools.gnu-tools-for-stm32.13.3.rel1.win32_1.0.100.202509120712/tools/bin/../lib/gcc/arm-none-eabi/13.3.1/../../../../arm-none-eabi/lib/thumb/v7-m/nofp\libc_nano.a(libc_a-nano-vfprintf_i.o)
                0x08007ac8                _printf_common
 .text._printf_i
                0x08007bac      0x23c C:/ST/STM32CubeIDE_2.0.0/STM32CubeIDE/plugins/com.st.stm32cube.ide.mcu.externaltools.gnu-tools-for-stm32.13.3.rel1.win32_1.0.100.202509120712/tools/bin/../lib/gcc/arm-none-eabi/13.3.1/../../../../arm-none-eabi/lib/thumb/v7-m/nofp\libc_nano.a(libc_a-nano-vfprintf_i.o)
                0x08007bac                _printf_i
 .text.__sflush_r
                0x08007de8      0x100 C:/ST/STM32CubeIDE_2.0.0/STM32CubeIDE/plugins/com.st.stm32cube.ide.mcu.externaltools.gnu-tools-for-stm32.13.3.rel1.win32_1.0.100.202509120712/tools/bin/../lib/gcc/arm-none-eabi/13.3.1/../../../../arm-none-eabi/lib/thumb/v7-m/nofp\libc_nano.a(libc_a-fflush.o)
                0x08007de8                __sflush_r
 .text._fflush_r
                0x08007ee8       0x50 C:/ST/STM32CubeIDE_2.0.0/STM32CubeIDE/plugins/com.st.stm32cube.ide.mcu.externaltools.gnu-tools-for-stm32.13.3.rel1.win32_1.0.100.202509120712/tools/bin/../lib/gcc/arm-none-eabi/13.3.1/../../../../arm-none-eabi/lib/thumb/v7-m/nofp\libc_nano.a(libc_a-fflush.o)
                0x08007ee8                _fflush_r
 .text.__swbuf_r
                0x08007f38       0x7c C:/ST/STM32CubeIDE_2.0.0/STM32CubeIDE/plugins/com.st.stm32cube.ide.mcu.externaltools.gnu-tools-for-stm32.13.3.rel1.win32_1.0.100.202509120712/tools/bin/../lib/gcc/arm-none-eabi/13.3.1/../../../../arm-none-eabi/lib/thumb/v7-m/nofp\libc_nano.a(libc_a-wbuf.o)
                0x08007f38                __swbuf_r
 .text.__swsetup_r
                0x08007fb4       0xac C:/ST/STM32CubeIDE_2.0.0/STM32CubeIDE/plugins/com.st.stm32cube.ide.mcu.externaltools.gnu-tools-for-stm32.13.3.rel1.win32_1.0.100.202509120712/tools/bin/../lib/gcc/arm-none-eabi/13.3.1/../../../../arm-none-eabi/lib/thumb/v7-m/nofp\libc_nano.a(libc_a-wsetup.o)
                0x08007fb4                __swsetup_r
 .text.memchr   0x08008060       0x1c C:/ST/STM32CubeIDE_2.0.0/STM32CubeIDE/plugins/com.st.stm32cube.ide.mcu.externaltools.gnu-tools-for-stm32.13.3.rel1.win32_1.0.100.202509120712/tools/bin/../lib/gcc/arm-none-eabi/13.3.1/../../../../arm-none-eabi/lib/thumb/v7-m/nofp\libc_nano.a(libc_a-memchr-stub.o)
                0x08008060                memchr
 .text.__swhatbuf_r
                0x0800807c       0x4a C:/ST/STM32CubeIDE_2.0.0/STM32CubeIDE/plugins/com.st.stm32cube.ide.mcu.externaltools.gnu-tools-for-stm32.13.3.rel1.win32_1.0.100.202509120712/tools/bin/../lib/gcc/arm-none-eabi/13.3.1/../../../../arm-none-eabi/lib/thumb/v7-m/nofp\libc_nano.a(libc_a-makebuf.o)
                0x0800807c                __swhatbuf_r
 .text.__smakebuf_r
                0x080080c6       0x78 C:/ST/STM32CubeIDE_2.0.0/STM32CubeIDE/plugins/com.st.stm32cube.ide.mcu.externaltools.gnu-tools-for-stm32.13.3.rel1.win32_1.0.100.202509120712/tools/bin/../lib/gcc/arm-none-eabi/13.3.1/../../../../arm-none-eabi/lib/thumb/v7-m/nofp\libc_nano.a(libc_a-makebuf.o)
                0x080080c6                __smakebuf_r
 *fill*         0x0800813e        0x2 
 .text._fstat_r
                0x08008140       0x24 C:/ST/STM32CubeIDE_2.0.0/STM32CubeIDE/plugins/com.st.stm32cube.ide.mcu.externaltools.gnu-tools-for-stm32.13.3.rel1.win32_1.0.100.202509120712/tools/bin/../lib/gcc/arm-none-eabi/13.3.1/../../../../arm-none-eabi/lib/thumb/v7-m/nofp\libc_nano.a(libc_a-fstatr.o)
                0x08008140                _fstat_r
 .text._isatty_r
                0x08008164       0x20 C:/ST/STM32CubeIDE_2.0.0/STM32CubeIDE/plugins/com.st.stm32cube.ide.mcu.externaltools.gnu-tools-for-stm32.13.3.rel1.win32_1.0.100.202509120712/tools/bin/../lib/gcc/arm-none-eabi/13.3.1/../../../../arm-none-eabi/lib/thumb/v7-m/nofp\libc_nano.a(libc_a-isattyr.o)
                0x08008164                _isatty_r
 *(.glue_7)
 .glue_7        0x08008184        0x0 linker stubs
 *(.glue_7t)
 .glue_7t       0x08008184        0x0 linker stubs
 *(.eh_frame)
 .eh_frame      0x08008184        0x0 C:/ST/STM32CubeIDE_2.0.0/STM32CubeIDE/plugins/com.st.stm32cube.ide.mcu.externaltools.gnu-tools-for-stm32.13.3.rel1.win32_1.0.100.202509120712/tools/bin/../lib/gcc/arm-none-eabi/13.3.1/thumb/v7-m/nofp/crtbegin.o
 *(.init)
 .init          0x08008184        0x4 C:/ST/STM32CubeIDE_2.0.0/STM32CubeIDE/plugins/com.st.stm32cube.ide.mcu.externaltools.gnu-tools-for-stm32.13.3.rel1.win32_1.0.100.202509120712/tools/bin/../lib/gcc/arm-none-eabi/13.3.1/thumb/v7-m/nofp/crti.o
                0x08008184                _init
 .init          0x08008188        0x8 C:/ST/STM32CubeIDE_2.0.0/STM32CubeIDE/plugins/com.st.stm32cube.ide.mcu.externaltools.gnu-tools-for-stm32.13.3.rel1.win32_1.0.100.202509120712/tools/bin/../lib/gcc/arm-none-eabi/13.3.1/thumb/v7-m/nofp/crtn.o
 *(.fini)
 .fini          0x08008190        0x4 C:/ST/STM32CubeIDE_2.0.0/STM32CubeIDE/plugins/com.st.stm32cube.ide.mcu.externaltools.gnu-tools-for-stm32.13.3.rel1.win32_1.0.100.202509120712/tools/bin/../lib/gcc/arm-none-eabi/13.3.1/thumb/v7-m/nofp/crti.o
                0x08008190                _fini
 .fini          0x08008194        0x8 C:/ST/STM32CubeIDE_2.0.0/STM32CubeIDE/plugins/com.st.stm32cube.ide.mcu.externaltools.gnu-tools-for-stm32.13.3.rel1.win32_1.0.100.202509120712/tools/bin/../lib/gcc/arm-none-eabi/13.3.1/thumb/v7-m/nofp/crtn.o
                0x0800819c                        . = ALIGN (0x4)
                0x0800819c                        _etext = .

.vfp11_veneer   0x0800819c        0x0
 .vfp11_veneer  0x0800819c        0x0 linker stubs

.v4_bx          0x0800819c        0x0
 .v4_bx         0x0800819c        0x0 linker stubs

.iplt           0x0800819c        0x0
 .iplt          0x0800819c        0x0 C:/ST/STM32CubeIDE_2.0.0/STM32CubeIDE/plugins/com.st.stm32cube.ide.mcu.externaltools.gnu-tools-for-stm32.13.3.rel1.win32_1.0.100.202509120712/tools/bin/../lib/gcc/arm-none-eabi/13.3.1/thumb/v7-m/nofp/crtbegin.o

.rodata         0x0800819c      0x2ec
                0x0800819c                        . = ALIGN (0x4)
 *(.rodata)
 .rodata        0x0800819c       0x90 ./3rdParty/BME68x_SensorAPI/bme68x.o
 .rodata        0x0800822c        0x5 ./3rdParty/freertos/Src/tasks.o
 *fill*         0x08008231        0x3 
 .rodata        0x08008234        0xd ./3rdParty/freertos/Src/timers.o
 *fill*         0x08008241        0x3 
 .rodata        0x08008244      0x161 ./src/bme680/common.o
 *fill*         0x080083a5        0x3 
 .rodata        0x080083a8       0x70 ./src/forced_mode.o
 .rodata        0x08008418        0x9 ./src/main.o
 *(.rodata*)
 *fill*         0x08008421        0x3 
 .rodata.uxTopUsedPriority
                0x08008424        0x4 ./3rdParty/freertos/Src/tasks.o
                0x08008424                uxTopUsedPriority
 .rodata.AHBPrescTable
                0x08008428       0x10 ./Core/Src/system_stm32f1xx.o
                0x08008428                AHBPrescTable
 .rodata.APBPrescTable
                0x08008438        0x8 ./Core/Src/system_stm32f1xx.o
                0x08008438                APBPrescTable
 .rodata.aPLLMULFactorTable.1
                0x08008440       0x10 ./Drivers/STM32F1xx_HAL_Driver/Src/stm32f1xx_hal_rcc.o
 .rodata.aPredivFactorTable.0
                0x08008450        0x2 ./Drivers/STM32F1xx_HAL_Driver/Src/stm32f1xx_hal_rcc.o
 .rodata._vfprintf_r.str1.1
                0x08008452       0x33 C:/ST/STM32CubeIDE_2.0.0/STM32CubeIDE/plugins/com.st.stm32cube.ide.mcu.externaltools.gnu-tools-for-stm32.13.3.rel1.win32_1.0.100.202509120712/tools/bin/../lib/gcc/arm-none-eabi/13.3.1/../../../../arm-none-eabi/lib/thumb/v7-m/nofp\libc_nano.a(libc_a-nano-vfprintf.o)
                                 0x11 (size before relaxing)
 .rodata._printf_i.str1.1
                0x08008485        0x0 C:/ST/STM32CubeIDE_2.0.0/STM32CubeIDE/plugins/com.st.stm32cube.ide.mcu.externaltools.gnu-tools-for-stm32.13.3.rel1.win32_1.0.100.202509120712/tools/bin/../lib/gcc/arm-none-eabi/13.3.1/../../../../arm-none-eabi/lib/thumb/v7-m/nofp\libc_nano.a(libc_a-nano-vfprintf_i.o)
                                 0x22 (size before relaxing)
                0x08008488                        . = ALIGN (0x4)
 *fill*         0x08008485        0x3 

.rel.dyn        0x08008488        0x0
 .rel.iplt      0x08008488        0x0 C:/ST/STM32CubeIDE_2.0.0/STM32CubeIDE/plugins/com.st.stm32cube.ide.mcu.externaltools.gnu-tools-for-stm32.13.3.rel1.win32_1.0.100.202509120712/tools/bin/../lib/gcc/arm-none-eabi/13.3.1/thumb/v7-m/nofp/crtbegin.o

.ARM.extab      0x08008488        0x0
                0x08008488                        . = ALIGN (0x4)
 *(.ARM.extab* .gnu.linkonce.armextab.*)
                0x08008488                        . = ALIGN (0x4)

.ARM            0x08008488        0x0
                0x08008488                        . = ALIGN (0x4)
                0x08008488                        __exidx_start = .
 *(.ARM.exidx*)
                0x08008488                        __exidx_end = .
                0x08008488                        . = ALIGN (0x4)

.preinit_array  0x08008488        0x0
                0x08008488                        . = ALIGN (0x4)
                0x08008488                        PROVIDE (__preinit_array_start = .)
 *(.preinit_array*)
                0x08008488                        PROVIDE (__preinit_array_end = .)
                0x08008488                        . = ALIGN (0x4)

.init_array     0x08008488        0x4
                0x08008488                        . = ALIGN (0x4)
                0x08008488                        PROVIDE (__init_array_start = .)
 *(SORT_BY_NAME(.init_array.*))
 *(.init_array*)
 .init_array    0x08008488        0x4 C:/ST/STM32CubeIDE_2.0.0/STM32CubeIDE/plugins/com.st.stm32cube.ide.mcu.externaltools.gnu-tools-for-stm32.13.3.rel1.win32_1.0.100.202509120712/tools/bin/../lib/gcc/arm-none-eabi/13.3.1/thumb/v7-m/nofp/crtbegin.o
                0x0800848c                        PROVIDE (__init_array_end = .)
                0x0800848c                        . = ALIGN (0x4)

.fini_array     0x0800848c        0x4
                0x0800848c                        . = ALIGN (0x4)
                [!provide]                        PROVIDE (__fini_array_start = .)
 *(SORT_BY_NAME(.fini_array.*))
 *(.fini_array*)
 .fini_array    0x0800848c        0x4 C:/ST/STM32CubeIDE_2.0.0/STM32CubeIDE/plugins/com.st.stm32cube.ide.mcu.externaltools.gnu-tools-for-stm32.13.3.rel1.win32_1.0.100.202509120712/tools/bin/../lib/gcc/arm-none-eabi/13.3.1/thumb/v7-m/nofp/crtbegin.o
                [!provide]                        PROVIDE (__fini_array_end = .)
                0x08008490                        . = ALIGN (0x4)
                0x08008490                        _sidata = LOADADDR (.data)

.data           0x20000000       0x6c load address 0x08008490
                0x20000000                        . = ALIGN (0x4)
                0x20000000                        _sdata = .
 *(.data)
 *(.data*)
 .data.uxCriticalNesting
                0x20000000        0x4 ./3rdParty/freertos/Src/port.o
 .data.SystemCoreClock
                0x20000004        0x4 ./Core/Src/system_stm32f1xx.o
                0x20000004                SystemCoreClock
 .data.uwTickPrio
                0x20000008        0x4 ./Drivers/STM32F1xx_HAL_Driver/Src/stm32f1xx_hal.o
                0x20000008                uwTickPrio
 .data.uwTickFreq
                0x2000000c        0x1 ./Drivers/STM32F1xx_HAL_Driver/Src/stm32f1xx_hal.o
                0x2000000c                uwTickFreq
 *fill*         0x2000000d        0x3 
 .data.__sglue  0x20000010        0xc C:/ST/STM32CubeIDE_2.0.0/STM32CubeIDE/plugins/com.st.stm32cube.ide.mcu.externaltools.gnu-tools-for-stm32.13.3.rel1.win32_1.0.100.202509120712/tools/bin/../lib/gcc/arm-none-eabi/13.3.1/../../../../arm-none-eabi/lib/thumb/v7-m/nofp\libc_nano.a(libc_a-findfp.o)
                0x20000010                __sglue
 .data._impure_ptr
                0x2000001c        0x4 C:/ST/STM32CubeIDE_2.0.0/STM32CubeIDE/plugins/com.st.stm32cube.ide.mcu.externaltools.gnu-tools-for-stm32.13.3.rel1.win32_1.0.100.202509120712/tools/bin/../lib/gcc/arm-none-eabi/13.3.1/../../../../arm-none-eabi/lib/thumb/v7-m/nofp\libc_nano.a(libc_a-impure.o)
                0x2000001c                _impure_ptr
 .data._impure_data
                0x20000020       0x4c C:/ST/STM32CubeIDE_2.0.0/STM32CubeIDE/plugins/com.st.stm32cube.ide.mcu.externaltools.gnu-tools-for-stm32.13.3.rel1.win32_1.0.100.202509120712/tools/bin/../lib/gcc/arm-none-eabi/13.3.1/../../../../arm-none-eabi/lib/thumb/v7-m/nofp\libc_nano.a(libc_a-impure.o)
                0x20000020                _impure_data
 *(.RamFunc)
 *(.RamFunc*)
                0x2000006c                        . = ALIGN (0x4)
                0x2000006c                        _edata = .

.igot.plt       0x2000006c        0x0 load address 0x080084fc
 .igot.plt      0x2000006c        0x0 C:/ST/STM32CubeIDE_2.0.0/STM32CubeIDE/plugins/com.st.stm32cube.ide.mcu.externaltools.gnu-tools-for-stm32.13.3.rel1.win32_1.0.100.202509120712/tools/bin/../lib/gcc/arm-none-eabi/13.3.1/thumb/v7-m/nofp/crtbegin.o
                0x2000006c                        . = ALIGN (0x4)

.bss            0x2000006c      0x404 load address 0x080084fc
                0x2000006c                        _sbss = .
                0x2000006c                        __bss_start__ = _sbss
 *(.bss)
 .bss           0x2000006c       0x1c C:/ST/STM32CubeIDE_2.0.0/STM32CubeIDE/plugins/com.st.stm32cube.ide.mcu.externaltools.gnu-tools-for-stm32.13.3.rel1.win32_1.0.100.202509120712/tools/bin/../lib/gcc/arm-none-eabi/13.3.1/thumb/v7-m/nofp/crtbegin.o
 *(.bss*)
 .bss.ulTimerCountsForOneTick
                0x20000088        0x4 ./3rdParty/freertos/Src/port.o
 .bss.xMaximumPossibleSuppressedTicks
                0x2000008c        0x4 ./3rdParty/freertos/Src/port.o
 .bss.ulStoppedTimerCompensation
                0x20000090        0x4 ./3rdParty/freertos/Src/port.o
 .bss.ucMaxSysCallPriority
                0x20000094        0x1 ./3rdParty/freertos/Src/port.o
 *fill*         0x20000095        0x3 
 .bss.ulMaxPRIGROUPValue
                0x20000098        0x4 ./3rdParty/freertos/Src/port.o
 .bss.xQueueRegistry
                0x2000009c       0x40 ./3rdParty/freertos/Src/queue.o
                0x2000009c                xQueueRegistry
 .bss.pxCurrentTCB
                0x200000dc        0x4 ./3rdParty/freertos/Src/tasks.o
                0x200000dc                pxCurrentTCB
 .bss.pxReadyTasksLists
                0x200000e0       0x64 ./3rdParty/freertos/Src/tasks.o
 .bss.xDelayedTaskList1
                0x20000144       0x14 ./3rdParty/freertos/Src/tasks.o
 .bss.xDelayedTaskList2
                0x20000158       0x14 ./3rdParty/freertos/Src/tasks.o
 .bss.pxDelayedTaskList
                0x2000016c        0x4 ./3rdParty/freertos/Src/tasks.o
 .bss.pxOverflowDelayedTaskList
                0x20000170        0x4 ./3rdParty/freertos/Src/tasks.o
 .bss.xPendingReadyList
                0x20000174       0x14 ./3rdParty/freertos/Src/tasks.o
 .bss.xTasksWaitingTermination
                0x20000188       0x14 ./3rdParty/freertos/Src/tasks.o
 .bss.uxDeletedTasksWaitingCleanUp
                0x2000019c        0x4 ./3rdParty/freertos/Src/tasks.o
 .bss.xSuspendedTaskList
                0x200001a0       0x14 ./3rdParty/freertos/Src/tasks.o
 .bss.uxCurrentNumberOfTasks
                0x200001b4        0x4 ./3rdParty/freertos/Src/tasks.o
 .bss.xTickCount
                0x200001b8        0x4 ./3rdParty/freertos/Src/tasks.o
 .bss.uxTopReadyPriority
                0x200001bc        0x4 ./3rdParty/freertos/Src/tasks.o
 .bss.xSchedulerRunning
                0x200001c0        0x4 ./3rdParty/freertos/Src/tasks.o
 .bss.xPendedTicks
                0x200001c4        0x4 ./3rdParty/freertos/Src/tasks.o
 .bss.xYieldPending
                0x200001c8        0x4 ./3rdParty/freertos/Src/tasks.o
 .bss.xNumOfOverflows
                0x200001cc        0x4 ./3rdParty/freertos/Src/tasks.o
 .bss.uxTaskNumber
                0x200001d0        0x4 ./3rdParty/freertos/Src/tasks.o
 .bss.xNextTaskUnblockTime
                0x200001d4        0x4 ./3rdParty/freertos/Src/tasks.o
 .bss.xIdleTaskHandle
                0x200001d8        0x4 ./3rdParty/freertos/Src/tasks.o
 .bss.uxSchedulerSuspended
                0x200001dc        0x4 ./3rdParty/freertos/Src/tasks.o
 .bss.xActiveTimerList1
                0x200001e0       0x14 ./3rdParty/freertos/Src/timers.o
 .bss.xActiveTimerList2
                0x200001f4       0x14 ./3rdParty/freertos/Src/timers.o
 .bss.pxCurrentTimerList
                0x20000208        0x4 ./3rdParty/freertos/Src/timers.o
 .bss.pxOverflowTimerList
                0x2000020c        0x4 ./3rdParty/freertos/Src/timers.o
 .bss.xTimerQueue
                0x20000210        0x4 ./3rdParty/freertos/Src/timers.o
 .bss.xTimerTaskHandle
                0x20000214        0x4 ./3rdParty/freertos/Src/timers.o
 .bss.xLastTime.0
                0x20000218        0x4 ./3rdParty/freertos/Src/timers.o
 .bss.htim1     0x2000021c       0x48 ./Core/Src/stm32f1xx_hal_timebase_tim.o
                0x2000021c                htim1
 .bss.__sbrk_heap_end
                0x20000264        0x4 ./Core/Src/sysmem.o
 .bss.uwTick    0x20000268        0x4 ./Drivers/STM32F1xx_HAL_Driver/Src/stm32f1xx_hal.o
                0x20000268                uwTick
 .bss.dev_addr  0x2000026c        0x1 ./src/bme680/common.o
 *fill*         0x2000026d        0x3 
 .bss.hspi1     0x20000270       0x58 ./src/bme680/common.o
                0x20000270                hspi1
 .bss.rw_buffer
                0x200002c8        0x8 ./src/bme680/common.o
 .bss.hi2c1     0x200002d0       0x54 ./src/i2c.o
                0x200002d0                hi2c1
 .bss.__malloc_sbrk_start
                0x20000324        0x4 C:/ST/STM32CubeIDE_2.0.0/STM32CubeIDE/plugins/com.st.stm32cube.ide.mcu.externaltools.gnu-tools-for-stm32.13.3.rel1.win32_1.0.100.202509120712/tools/bin/../lib/gcc/arm-none-eabi/13.3.1/../../../../arm-none-eabi/lib/thumb/v7-m/nofp\libc_nano.a(libc_a-mallocr.o)
                0x20000324                __malloc_sbrk_start
 .bss.__malloc_free_list
                0x20000328        0x4 C:/ST/STM32CubeIDE_2.0.0/STM32CubeIDE/plugins/com.st.stm32cube.ide.mcu.externaltools.gnu-tools-for-stm32.13.3.rel1.win32_1.0.100.202509120712/tools/bin/../lib/gcc/arm-none-eabi/13.3.1/../../../../arm-none-eabi/lib/thumb/v7-m/nofp\libc_nano.a(libc_a-mallocr.o)
                0x20000328                __malloc_free_list
 .bss.__sf      0x2000032c      0x138 C:/ST/STM32CubeIDE_2.0.0/STM32CubeIDE/plugins/com.st.stm32cube.ide.mcu.externaltools.gnu-tools-for-stm32.13.3.rel1.win32_1.0.100.202509120712/tools/bin/../lib/gcc/arm-none-eabi/13.3.1/../../../../arm-none-eabi/lib/thumb/v7-m/nofp\libc_nano.a(libc_a-findfp.o)
                0x2000032c                __sf
 .bss.__stdio_exit_handler
                0x20000464        0x4 C:/ST/STM32CubeIDE_2.0.0/STM32CubeIDE/plugins/com.st.stm32cube.ide.mcu.externaltools.gnu-tools-for-stm32.13.3.rel1.win32_1.0.100.202509120712/tools/bin/../lib/gcc/arm-none-eabi/13.3.1/../../../../arm-none-eabi/lib/thumb/v7-m/nofp\libc_nano.a(libc_a-findfp.o)
                0x20000464                __stdio_exit_handler
 .bss.errno     0x20000468        0x4 C:/ST/STM32CubeIDE_2.0.0/STM32CubeIDE/plugins/com.st.stm32cube.ide.mcu.externaltools.gnu-tools-for-stm32.13.3.rel1.win32_1.0.100.202509120712/tools/bin/../lib/gcc/arm-none-eabi/13.3.1/../../../../arm-none-eabi/lib/thumb/v7-m/nofp\libc_nano.a(libc_a-reent.o)
                0x20000468                errno
 .bss.__lock___malloc_recursive_mutex
                0x2000046c        0x1 C:/ST/STM32CubeIDE_2.0.0/STM32CubeIDE/plugins/com.st.stm32cube.ide.mcu.externaltools.gnu-tools-for-stm32.13.3.rel1.win32_1.0.100.202509120712/tools/bin/../lib/gcc/arm-none-eabi/13.3.1/../../../../arm-none-eabi/lib/thumb/v7-m/nofp\libc_nano.a(libc_a-lock.o)
                0x2000046c                __lock___malloc_recursive_mutex
 .bss.__lock___sfp_recursive_mutex
                0x2000046d        0x1 C:/ST/STM32CubeIDE_2.0.0/STM32CubeIDE/plugins/com.st.stm32cube.ide.mcu.externaltools.gnu-tools-for-stm32.13.3.rel1.win32_1.0.100.202509120712/tools/bin/../lib/gcc/arm-none-eabi/13.3.1/../../../../arm-none-eabi/lib/thumb/v7-m/nofp\libc_nano.a(libc_a-lock.o)
                0x2000046d                __lock___sfp_recursive_mutex
 *(COMMON)
                0x20000470                        . = ALIGN (0x4)
 *fill*         0x2000046e        0x2 
                0x20000470                        _ebss = .
                0x20000470                        __bss_end__ = _ebss

._user_heap_stack
                0x20000470      0x600 load address 0x080084fc
                0x20000470                        . = ALIGN (0x8)
                [!provide]                        PROVIDE (end = .)
                0x20000470                        PROVIDE (_end = .)
                0x20000670                        . = (. + _Min_Heap_Size)
 *fill*         0x20000470      0x200 
                0x20000a70                        . = (. + _Min_Stack_Size)
 *fill*         0x20000670      0x400 
                0x20000a70                        . = ALIGN (0x8)

/DISCARD/
 libc.a(*)
 libm.a(*)
 libgcc.a(*)

.ARM.attributes
                0x00000000       0x29
 *(.ARM.attributes)
 .ARM.attributes
                0x00000000       0x1d C:/ST/STM32CubeIDE_2.0.0/STM32CubeIDE/plugins/com.st.stm32cube.ide.mcu.externaltools.gnu-tools-for-stm32.13.3.rel1.win32_1.0.100.202509120712/tools/bin/../lib/gcc/arm-none-eabi/13.3.1/thumb/v7-m/nofp/crti.o
 .ARM.attributes
                0x0000001d       0x2d C:/ST/STM32CubeIDE_2.0.0/STM32CubeIDE/plugins/com.st.stm32cube.ide.mcu.externaltools.gnu-tools-for-stm32.13.3.rel1.win32_1.0.100.202509120712/tools/bin/../lib/gcc/arm-none-eabi/13.3.1/thumb/v7-m/nofp/crtbegin.o
 .ARM.attributes
                0x0000004a       0x2d ./3rdParty/BME68x_SensorAPI/bme68x.o
 .ARM.attributes
                0x00000077       0x2d ./3rdParty/freertos/Src/heap_3.o
 .ARM.attributes
                0x000000a4       0x2d ./3rdParty/freertos/Src/list.o
 .ARM.attributes
                0x000000d1       0x2d ./3rdParty/freertos/Src/port.o
 .ARM.attributes
                0x000000fe       0x2d ./3rdParty/freertos/Src/queue.o
 .ARM.attributes
                0x0000012b       0x2d ./3rdParty/freertos/Src/tasks.o
 .ARM.attributes
                0x00000158       0x2d ./3rdParty/freertos/Src/timers.o
 .ARM.attributes
                0x00000185       0x2d ./Core/Src/stm32f1xx_hal_msp.o
 .ARM.attributes
                0x000001b2       0x2d ./Core/Src/stm32f1xx_hal_timebase_tim.o
 .ARM.attributes
                0x000001df       0x2d ./Core/Src/stm32f1xx_it.o
 .ARM.attributes
                0x0000020c       0x2d ./Core/Src/syscalls.o
 .ARM.attributes
                0x00000239       0x2d ./Core/Src/sysmem.o
 .ARM.attributes
                0x00000266       0x2d ./Core/Src/system_stm32f1xx.o
 .ARM.attributes
                0x00000293       0x21 ./Core/Startup/startup_stm32f103c8tx.o
 .ARM.attributes
                0x000002b4       0x2d ./Drivers/STM32F1xx_HAL_Driver/Src/stm32f1xx_hal.o
 .ARM.attributes
                0x000002e1       0x2d ./Drivers/STM32F1xx_HAL_Driver/Src/stm32f1xx_hal_cortex.o
 .ARM.attributes
                0x0000030e       0x2d ./Drivers/STM32F1xx_HAL_Driver/Src/stm32f1xx_hal_gpio.o
 .ARM.attributes
                0x0000033b       0x2d ./Drivers/STM32F1xx_HAL_Driver/Src/stm32f1xx_hal_i2c.o
 .ARM.attributes
                0x00000368       0x2d ./Drivers/STM32F1xx_HAL_Driver/Src/stm32f1xx_hal_rcc.o
 .ARM.attributes
                0x00000395       0x2d ./Drivers/STM32F1xx_HAL_Driver/Src/stm32f1xx_hal_spi.o
 .ARM.attributes
                0x000003c2       0x2d ./Drivers/STM32F1xx_HAL_Driver/Src/stm32f1xx_hal_tim.o
 .ARM.attributes
                0x000003ef       0x2d ./Drivers/STM32F1xx_HAL_Driver/Src/stm32f1xx_hal_tim_ex.o
 .ARM.attributes
                0x0000041c       0x2d ./src/bme680/common.o
 .ARM.attributes
                0x00000449       0x2d ./src/forced_mode.o
 .ARM.attributes
                0x00000476       0x2d ./src/i2c.o
 .ARM.attributes
                0x000004a3       0x2d ./src/main.o
 .ARM.attributes
                0x000004d0       0x2d ./src/spi.o
 .ARM.attributes
                0x000004fd       0x2d C:/ST/STM32CubeIDE_2.0.0/STM32CubeIDE/plugins/com.st.stm32cube.ide.mcu.externaltools.gnu-tools-for-stm32.13.3.rel1.win32_1.0.100.202509120712/tools/bin/../lib/gcc/arm-none-eabi/13.3.1/../../../../arm-none-eabi/lib/thumb/v7-m/nofp\libc_nano.a(libc_a-malloc.o)
 .ARM.attributes
                0x0000052a       0x2d C:/ST/STM32CubeIDE_2.0.0/STM32CubeIDE/plugins/com.st.stm32cube.ide.mcu.externaltools.gnu-tools-for-stm32.13.3.rel1.win32_1.0.100.202509120712/tools/bin/../lib/gcc/arm-none-eabi/13.3.1/../../../../arm-none-eabi/lib/thumb/v7-m/nofp\libc_nano.a(libc_a-mallocr.o)
 .ARM.attributes
                0x00000557       0x2d C:/ST/STM32CubeIDE_2.0.0/STM32CubeIDE/plugins/com.st.stm32cube.ide.mcu.externaltools.gnu-tools-for-stm32.13.3.rel1.win32_1.0.100.202509120712/tools/bin/../lib/gcc/arm-none-eabi/13.3.1/../../../../arm-none-eabi/lib/thumb/v7-m/nofp\libc_nano.a(libc_a-mlock.o)
 .ARM.attributes
                0x00000584       0x2d C:/ST/STM32CubeIDE_2.0.0/STM32CubeIDE/plugins/com.st.stm32cube.ide.mcu.externaltools.gnu-tools-for-stm32.13.3.rel1.win32_1.0.100.202509120712/tools/bin/../lib/gcc/arm-none-eabi/13.3.1/../../../../arm-none-eabi/lib/thumb/v7-m/nofp\libc_nano.a(libc_a-findfp.o)
 .ARM.attributes
                0x000005b1       0x2d C:/ST/STM32CubeIDE_2.0.0/STM32CubeIDE/plugins/com.st.stm32cube.ide.mcu.externaltools.gnu-tools-for-stm32.13.3.rel1.win32_1.0.100.202509120712/tools/bin/../lib/gcc/arm-none-eabi/13.3.1/../../../../arm-none-eabi/lib/thumb/v7-m/nofp\libc_nano.a(libc_a-fwalk.o)
 .ARM.attributes
                0x000005de       0x2d C:/ST/STM32CubeIDE_2.0.0/STM32CubeIDE/plugins/com.st.stm32cube.ide.mcu.externaltools.gnu-tools-for-stm32.13.3.rel1.win32_1.0.100.202509120712/tools/bin/../lib/gcc/arm-none-eabi/13.3.1/../../../../arm-none-eabi/lib/thumb/v7-m/nofp\libc_nano.a(libc_a-printf.o)
 .ARM.attributes
                0x0000060b       0x2d C:/ST/STM32CubeIDE_2.0.0/STM32CubeIDE/plugins/com.st.stm32cube.ide.mcu.externaltools.gnu-tools-for-stm32.13.3.rel1.win32_1.0.100.202509120712/tools/bin/../lib/gcc/arm-none-eabi/13.3.1/../../../../arm-none-eabi/lib/thumb/v7-m/nofp\libc_nano.a(libc_a-stdio.o)
 .ARM.attributes
                0x00000638       0x2d C:/ST/STM32CubeIDE_2.0.0/STM32CubeIDE/plugins/com.st.stm32cube.ide.mcu.externaltools.gnu-tools-for-stm32.13.3.rel1.win32_1.0.100.202509120712/tools/bin/../lib/gcc/arm-none-eabi/13.3.1/../../../../arm-none-eabi/lib/thumb/v7-m/nofp\libc_nano.a(libc_a-memset.o)
 .ARM.attributes
                0x00000665       0x2d C:/ST/STM32CubeIDE_2.0.0/STM32CubeIDE/plugins/com.st.stm32cube.ide.mcu.externaltools.gnu-tools-for-stm32.13.3.rel1.win32_1.0.100.202509120712/tools/bin/../lib/gcc/arm-none-eabi/13.3.1/../../../../arm-none-eabi/lib/thumb/v7-m/nofp\libc_nano.a(libc_a-closer.o)
 .ARM.attributes
                0x00000692       0x2d C:/ST/STM32CubeIDE_2.0.0/STM32CubeIDE/plugins/com.st.stm32cube.ide.mcu.externaltools.gnu-tools-for-stm32.13.3.rel1.win32_1.0.100.202509120712/tools/bin/../lib/gcc/arm-none-eabi/13.3.1/../../../../arm-none-eabi/lib/thumb/v7-m/nofp\libc_nano.a(libc_a-reent.o)
 .ARM.attributes
                0x000006bf       0x2d C:/ST/STM32CubeIDE_2.0.0/STM32CubeIDE/plugins/com.st.stm32cube.ide.mcu.externaltools.gnu-tools-for-stm32.13.3.rel1.win32_1.0.100.202509120712/tools/bin/../lib/gcc/arm-none-eabi/13.3.1/../../../../arm-none-eabi/lib/thumb/v7-m/nofp\libc_nano.a(libc_a-impure.o)
 .ARM.attributes
                0x000006ec       0x2d C:/ST/STM32CubeIDE_2.0.0/STM32CubeIDE/plugins/com.st.stm32cube.ide.mcu.externaltools.gnu-tools-for-stm32.13.3.rel1.win32_1.0.100.202509120712/tools/bin/../lib/gcc/arm-none-eabi/13.3.1/../../../../arm-none-eabi/lib/thumb/v7-m/nofp\libc_nano.a(libc_a-lseekr.o)
 .ARM.attributes
                0x00000719       0x2d C:/ST/STM32CubeIDE_2.0.0/STM32CubeIDE/plugins/com.st.stm32cube.ide.mcu.externaltools.gnu-tools-for-stm32.13.3.rel1.win32_1.0.100.202509120712/tools/bin/../lib/gcc/arm-none-eabi/13.3.1/../../../../arm-none-eabi/lib/thumb/v7-m/nofp\libc_nano.a(libc_a-readr.o)
 .ARM.attributes
                0x00000746       0x2d C:/ST/STM32CubeIDE_2.0.0/STM32CubeIDE/plugins/com.st.stm32cube.ide.mcu.externaltools.gnu-tools-for-stm32.13.3.rel1.win32_1.0.100.202509120712/tools/bin/../lib/gcc/arm-none-eabi/13.3.1/../../../../arm-none-eabi/lib/thumb/v7-m/nofp\libc_nano.a(libc_a-sbrkr.o)
 .ARM.attributes
                0x00000773       0x2d C:/ST/STM32CubeIDE_2.0.0/STM32CubeIDE/plugins/com.st.stm32cube.ide.mcu.externaltools.gnu-tools-for-stm32.13.3.rel1.win32_1.0.100.202509120712/tools/bin/../lib/gcc/arm-none-eabi/13.3.1/../../../../arm-none-eabi/lib/thumb/v7-m/nofp\libc_nano.a(libc_a-writer.o)
 .ARM.attributes
                0x000007a0       0x2d C:/ST/STM32CubeIDE_2.0.0/STM32CubeIDE/plugins/com.st.stm32cube.ide.mcu.externaltools.gnu-tools-for-stm32.13.3.rel1.win32_1.0.100.202509120712/tools/bin/../lib/gcc/arm-none-eabi/13.3.1/../../../../arm-none-eabi/lib/thumb/v7-m/nofp\libc_nano.a(libc_a-errno.o)
 .ARM.attributes
                0x000007cd       0x2d C:/ST/STM32CubeIDE_2.0.0/STM32CubeIDE/plugins/com.st.stm32cube.ide.mcu.externaltools.gnu-tools-for-stm32.13.3.rel1.win32_1.0.100.202509120712/tools/bin/../lib/gcc/arm-none-eabi/13.3.1/../../../../arm-none-eabi/lib/thumb/v7-m/nofp\libc_nano.a(libc_a-init.o)
 .ARM.attributes
                0x000007fa       0x2d C:/ST/STM32CubeIDE_2.0.0/STM32CubeIDE/plugins/com.st.stm32cube.ide.mcu.externaltools.gnu-tools-for-stm32.13.3.rel1.win32_1.0.100.202509120712/tools/bin/../lib/gcc/arm-none-eabi/13.3.1/../../../../arm-none-eabi/lib/thumb/v7-m/nofp\libc_nano.a(libc_a-lock.o)
 .ARM.attributes
                0x00000827       0x2d C:/ST/STM32CubeIDE_2.0.0/STM32CubeIDE/plugins/com.st.stm32cube.ide.mcu.externaltools.gnu-tools-for-stm32.13.3.rel1.win32_1.0.100.202509120712/tools/bin/../lib/gcc/arm-none-eabi/13.3.1/../../../../arm-none-eabi/lib/thumb/v7-m/nofp\libc_nano.a(libc_a-memcpy-stub.o)
 .ARM.attributes
                0x00000854       0x2d C:/ST/STM32CubeIDE_2.0.0/STM32CubeIDE/plugins/com.st.stm32cube.ide.mcu.externaltools.gnu-tools-for-stm32.13.3.rel1.win32_1.0.100.202509120712/tools/bin/../lib/gcc/arm-none-eabi/13.3.1/../../../../arm-none-eabi/lib/thumb/v7-m/nofp\libc_nano.a(libc_a-freer.o)
 .ARM.attributes
                0x00000881       0x2d C:/ST/STM32CubeIDE_2.0.0/STM32CubeIDE/plugins/com.st.stm32cube.ide.mcu.externaltools.gnu-tools-for-stm32.13.3.rel1.win32_1.0.100.202509120712/tools/bin/../lib/gcc/arm-none-eabi/13.3.1/../../../../arm-none-eabi/lib/thumb/v7-m/nofp\libc_nano.a(libc_a-nano-vfprintf.o)
 .ARM.attributes
                0x000008ae       0x2d C:/ST/STM32CubeIDE_2.0.0/STM32CubeIDE/plugins/com.st.stm32cube.ide.mcu.externaltools.gnu-tools-for-stm32.13.3.rel1.win32_1.0.100.202509120712/tools/bin/../lib/gcc/arm-none-eabi/13.3.1/../../../../arm-none-eabi/lib/thumb/v7-m/nofp\libc_nano.a(libc_a-nano-vfprintf_i.o)
 .ARM.attributes
                0x000008db       0x2d C:/ST/STM32CubeIDE_2.0.0/STM32CubeIDE/plugins/com.st.stm32cube.ide.mcu.externaltools.gnu-tools-for-stm32.13.3.rel1.win32_1.0.100.202509120712/tools/bin/../lib/gcc/arm-none-eabi/13.3.1/../../../../arm-none-eabi/lib/thumb/v7-m/nofp\libc_nano.a(libc_a-fflush.o)
 .ARM.attributes
                0x00000908       0x2d C:/ST/STM32CubeIDE_2.0.0/STM32CubeIDE/plugins/com.st.stm32cube.ide.mcu.externaltools.gnu-tools-for-stm32.13.3.rel1.win32_1.0.100.202509120712/tools/bin/../lib/gcc/arm-none-eabi/13.3.1/../../../../arm-none-eabi/lib/thumb/v7-m/nofp\libc_nano.a(libc_a-wbuf.o)
 .ARM.attributes
                0x00000935       0x2d C:/ST/STM32CubeIDE_2.0.0/STM32CubeIDE/plugins/com.st.stm32cube.ide.mcu.externaltools.gnu-tools-for-stm32.13.3.rel1.win32_1.0.100.202509120712/tools/bin/../lib/gcc/arm-none-eabi/13.3.1/../../../../arm-none-eabi/lib/thumb/v7-m/nofp\libc_nano.a(libc_a-wsetup.o)
 .ARM.attributes
                0x00000962       0x2d C:/ST/STM32CubeIDE_2.0.0/STM32CubeIDE/plugins/com.st.stm32cube.ide.mcu.externaltools.gnu-tools-for-stm32.13.3.rel1.win32_1.0.100.202509120712/tools/bin/../lib/gcc/arm-none-eabi/13.3.1/../../../../arm-none-eabi/lib/thumb/v7-m/nofp\libc_nano.a(libc_a-memchr-stub.o)
 .ARM.attributes
                0x0000098f       0x2d C:/ST/STM32CubeIDE_2.0.0/STM32CubeIDE/plugins/com.st.stm32cube.ide.mcu.externaltools.gnu-tools-for-stm32.13.3.rel1.win32_1.0.100.202509120712/tools/bin/../lib/gcc/arm-none-eabi/13.3.1/../../../../arm-none-eabi/lib/thumb/v7-m/nofp\libc_nano.a(libc_a-makebuf.o)
 .ARM.attributes
                0x000009bc       0x2d C:/ST/STM32CubeIDE_2.0.0/STM32CubeIDE/plugins/com.st.stm32cube.ide.mcu.externaltools.gnu-tools-for-stm32.13.3.rel1.win32_1.0.100.202509120712/tools/bin/../lib/gcc/arm-none-eabi/13.3.1/../../../../arm-none-eabi/lib/thumb/v7-m/nofp\libc_nano.a(libc_a-fstatr.o)
 .ARM.attributes
                0x000009e9       0x2d C:/ST/STM32CubeIDE_2.0.0/STM32CubeIDE/plugins/com.st.stm32cube.ide.mcu.externaltools.gnu-tools-for-stm32.13.3.rel1.win32_1.0.100.202509120712/tools/bin/../lib/gcc/arm-none-eabi/13.3.1/../../../../arm-none-eabi/lib/thumb/v7-m/nofp\libc_nano.a(libc_a-isattyr.o)
 .ARM.attributes
                0x00000a16       0x1d C:/ST/STM32CubeIDE_2.0.0/STM32CubeIDE/plugins/com.st.stm32cube.ide.mcu.externaltools.gnu-tools-for-stm32.13.3.rel1.win32_1.0.100.202509120712/tools/bin/../lib/gcc/arm-none-eabi/13.3.1/thumb/v7-m/nofp\libgcc.a(_arm_addsubsf3.o)
 .ARM.attributes
                0x00000a33       0x1d C:/ST/STM32CubeIDE_2.0.0/STM32CubeIDE/plugins/com.st.stm32cube.ide.mcu.externaltools.gnu-tools-for-stm32.13.3.rel1.win32_1.0.100.202509120712/tools/bin/../lib/gcc/arm-none-eabi/13.3.1/thumb/v7-m/nofp\libgcc.a(_arm_muldivsf3.o)
 .ARM.attributes
                0x00000a50       0x1d C:/ST/STM32CubeIDE_2.0.0/STM32CubeIDE/plugins/com.st.stm32cube.ide.mcu.externaltools.gnu-tools-for-stm32.13.3.rel1.win32_1.0.100.202509120712/tools/bin/../lib/gcc/arm-none-eabi/13.3.1/thumb/v7-m/nofp\libgcc.a(_arm_cmpsf2.o)
 .ARM.attributes
                0x00000a6d       0x1d C:/ST/STM32CubeIDE_2.0.0/STM32CubeIDE/plugins/com.st.stm32cube.ide.mcu.externaltools.gnu-tools-for-stm32.13.3.rel1.win32_1.0.100.202509120712/tools/bin/../lib/gcc/arm-none-eabi/13.3.1/thumb/v7-m/nofp\libgcc.a(_arm_fixsfsi.o)
 .ARM.attributes
                0x00000a8a       0x1d C:/ST/STM32CubeIDE_2.0.0/STM32CubeIDE/plugins/com.st.stm32cube.ide.mcu.externaltools.gnu-tools-for-stm32.13.3.rel1.win32_1.0.100.202509120712/tools/bin/../lib/gcc/arm-none-eabi/13.3.1/thumb/v7-m/nofp\libgcc.a(_arm_fixunssfsi.o)
 .ARM.attributes
                0x00000aa7       0x1d C:/ST/STM32CubeIDE_2.0.0/STM32CubeIDE/plugins/com.st.stm32cube.ide.mcu.externaltools.gnu-tools-for-stm32.13.3.rel1.win32_1.0.100.202509120712/tools/bin/../lib/gcc/arm-none-eabi/13.3.1/thumb/v7-m/nofp/crtn.o
OUTPUT(smoke_monitor.elf elf32-littlearm)
LOAD linker stubs
LOAD C:/ST/STM32CubeIDE_2.0.0/STM32CubeIDE/plugins/com.st.stm32cube.ide.mcu.externaltools.gnu-tools-for-stm32.13.3.rel1.win32_1.0.100.202509120712/tools/bin/../lib/gcc/arm-none-eabi/13.3.1/../../../../arm-none-eabi/lib/thumb/v7-m/nofp\libc.a
LOAD C:/ST/STM32CubeIDE_2.0.0/STM32CubeIDE/plugins/com.st.stm32cube.ide.mcu.externaltools.gnu-tools-for-stm32.13.3.rel1.win32_1.0.100.202509120712/tools/bin/../lib/gcc/arm-none-eabi/13.3.1/../../../../arm-none-eabi/lib/thumb/v7-m/nofp\libm.a
LOAD C:/ST/STM32CubeIDE_2.0.0/STM32CubeIDE/plugins/com.st.stm32cube.ide.mcu.externaltools.gnu-tools-for-stm32.13.3.rel1.win32_1.0.100.202509120712/tools/bin/../lib/gcc/arm-none-eabi/13.3.1/thumb/v7-m/nofp\libgcc.a

.debug_info     0x00000000    0x14d64
 .debug_info    0x00000000     0x15ad ./3rdParty/BME68x_SensorAPI/bme68x.o
 .debug_info    0x000015ad      0x131 ./3rdParty/freertos/Src/heap_3.o
 .debug_info    0x000016de      0x2af ./3rdParty/freertos/Src/list.o
 .debug_info    0x0000198d      0x59f ./3rdParty/freertos/Src/port.o
 .debug_info    0x00001f2c     0x184f ./3rdParty/freertos/Src/queue.o
 .debug_info    0x0000377b     0x2632 ./3rdParty/freertos/Src/tasks.o
 .debug_info    0x00005dad      0xe08 ./3rdParty/freertos/Src/timers.o
 .debug_info    0x00006bb5      0x1f1 ./Core/Src/stm32f1xx_hal_msp.o
 .debug_info    0x00006da6      0x980 ./Core/Src/stm32f1xx_hal_timebase_tim.o
 .debug_info    0x00007726      0x66a ./Core/Src/stm32f1xx_it.o
 .debug_info    0x00007d90      0x6a3 ./Core/Src/syscalls.o
 .debug_info    0x00008433      0x168 ./Core/Src/sysmem.o
 .debug_info    0x0000859b      0x222 ./Core/Src/system_stm32f1xx.o
 .debug_info    0x000087bd       0x30 ./Core/Startup/startup_stm32f103c8tx.o
 .debug_info    0x000087ed      0x704 ./Drivers/STM32F1xx_HAL_Driver/Src/stm32f1xx_hal.o
 .debug_info    0x00008ef1      0xa87 ./Drivers/STM32F1xx_HAL_Driver/Src/stm32f1xx_hal_cortex.o
 .debug_info    0x00009978      0x5ab ./Drivers/STM32F1xx_HAL_Driver/Src/stm32f1xx_hal_gpio.o
 .debug_info    0x00009f23     0x2515 ./Drivers/STM32F1xx_HAL_Driver/Src/stm32f1xx_hal_i2c.o
 .debug_info    0x0000c438      0x7d5 ./Drivers/STM32F1xx_HAL_Driver/Src/stm32f1xx_hal_rcc.o
 .debug_info    0x0000cc0d     0x1503 ./Drivers/STM32F1xx_HAL_Driver/Src/stm32f1xx_hal_spi.o
 .debug_info    0x0000e110     0x293b ./Drivers/STM32F1xx_HAL_Driver/Src/stm32f1xx_hal_tim.o
 .debug_info    0x00010a4b     0x149b ./Drivers/STM32F1xx_HAL_Driver/Src/stm32f1xx_hal_tim_ex.o
 .debug_info    0x00011ee6      0xbd0 ./src/bme680/common.o
 .debug_info    0x00012ab6      0x6d3 ./src/forced_mode.o
 .debug_info    0x00013189      0x7e3 ./src/i2c.o
 .debug_info    0x0001396c      0xe4a ./src/main.o
 .debug_info    0x000147b6      0x5ae ./src/spi.o

.debug_abbrev   0x00000000     0x35ad
 .debug_abbrev  0x00000000      0x22d ./3rdParty/BME68x_SensorAPI/bme68x.o
 .debug_abbrev  0x0000022d      0x106 ./3rdParty/freertos/Src/heap_3.o
 .debug_abbrev  0x00000333       0xf5 ./3rdParty/freertos/Src/list.o
 .debug_abbrev  0x00000428      0x29a ./3rdParty/freertos/Src/port.o
 .debug_abbrev  0x000006c2      0x323 ./3rdParty/freertos/Src/queue.o
 .debug_abbrev  0x000009e5      0x378 ./3rdParty/freertos/Src/tasks.o
 .debug_abbrev  0x00000d5d      0x2cb ./3rdParty/freertos/Src/timers.o
 .debug_abbrev  0x00001028       0xdb ./Core/Src/stm32f1xx_hal_msp.o
 .debug_abbrev  0x00001103      0x1e0 ./Core/Src/stm32f1xx_hal_timebase_tim.o
 .debug_abbrev  0x000012e3      0x17c ./Core/Src/stm32f1xx_it.o
 .debug_abbrev  0x0000145f      0x1b6 ./Core/Src/syscalls.o
 .debug_abbrev  0x00001615       0xbc ./Core/Src/sysmem.o
 .debug_abbrev  0x000016d1      0x13f ./Core/Src/system_stm32f1xx.o
 .debug_abbrev  0x00001810       0x24 ./Core/Startup/startup_stm32f103c8tx.o
 .debug_abbrev  0x00001834      0x201 ./Drivers/STM32F1xx_HAL_Driver/Src/stm32f1xx_hal.o
 .debug_abbrev  0x00001a35      0x2f8 ./Drivers/STM32F1xx_HAL_Driver/Src/stm32f1xx_hal_cortex.o
 .debug_abbrev  0x00001d2d      0x1ca ./Drivers/STM32F1xx_HAL_Driver/Src/stm32f1xx_hal_gpio.o
 .debug_abbrev  0x00001ef7      0x2a3 ./Drivers/STM32F1xx_HAL_Driver/Src/stm32f1xx_hal_i2c.o
 .debug_abbrev  0x0000219a      0x2b3 ./Drivers/STM32F1xx_HAL_Driver/Src/stm32f1xx_hal_rcc.o
 .debug_abbrev  0x0000244d      0x284 ./Drivers/STM32F1xx_HAL_Driver/Src/stm32f1xx_hal_spi.o
 .debug_abbrev  0x000026d1      0x277 ./Drivers/STM32F1xx_HAL_Driver/Src/stm32f1xx_hal_tim.o
 .debug_abbrev  0x00002948      0x282 ./Drivers/STM32F1xx_HAL_Driver/Src/stm32f1xx_hal_tim_ex.o
 .debug_abbrev  0x00002bca      0x29c ./src/bme680/common.o
 .debug_abbrev  0x00002e66      0x166 ./src/forced_mode.o
 .debug_abbrev  0x00002fcc      0x1de ./src/i2c.o
 .debug_abbrev  0x000031aa      0x2b2 ./src/main.o
 .debug_abbrev  0x0000345c      0x151 ./src/spi.o

.debug_aranges  0x00000000     0x1578
 .debug_aranges
                0x00000000      0x120 ./3rdParty/BME68x_SensorAPI/bme68x.o
 .debug_aranges
                0x00000120       0x28 ./3rdParty/freertos/Src/heap_3.o
 .debug_aranges
                0x00000148       0x40 ./3rdParty/freertos/Src/list.o
 .debug_aranges
                0x00000188       0x80 ./3rdParty/freertos/Src/port.o
 .debug_aranges
                0x00000208      0x130 ./3rdParty/freertos/Src/queue.o
 .debug_aranges
                0x00000338      0x228 ./3rdParty/freertos/Src/tasks.o
 .debug_aranges
                0x00000560       0xe8 ./3rdParty/freertos/Src/timers.o
 .debug_aranges
                0x00000648       0x20 ./Core/Src/stm32f1xx_hal_msp.o
 .debug_aranges
                0x00000668       0x30 ./Core/Src/stm32f1xx_hal_timebase_tim.o
 .debug_aranges
                0x00000698       0x50 ./Core/Src/stm32f1xx_it.o
 .debug_aranges
                0x000006e8       0xa8 ./Core/Src/syscalls.o
 .debug_aranges
                0x00000790       0x20 ./Core/Src/sysmem.o
 .debug_aranges
                0x000007b0       0x28 ./Core/Src/system_stm32f1xx.o
 .debug_aranges
                0x000007d8       0x28 ./Core/Startup/startup_stm32f103c8tx.o
 .debug_aranges
                0x00000800       0xe0 ./Drivers/STM32F1xx_HAL_Driver/Src/stm32f1xx_hal.o
 .debug_aranges
                0x000008e0      0x100 ./Drivers/STM32F1xx_HAL_Driver/Src/stm32f1xx_hal_cortex.o
 .debug_aranges
                0x000009e0       0x58 ./Drivers/STM32F1xx_HAL_Driver/Src/stm32f1xx_hal_gpio.o
 .debug_aranges
                0x00000a38      0x2a8 ./Drivers/STM32F1xx_HAL_Driver/Src/stm32f1xx_hal_i2c.o
 .debug_aranges
                0x00000ce0       0x90 ./Drivers/STM32F1xx_HAL_Driver/Src/stm32f1xx_hal_rcc.o
 .debug_aranges
                0x00000d70      0x1d0 ./Drivers/STM32F1xx_HAL_Driver/Src/stm32f1xx_hal_spi.o
 .debug_aranges
                0x00000f40      0x3d0 ./Drivers/STM32F1xx_HAL_Driver/Src/stm32f1xx_hal_tim.o
 .debug_aranges
                0x00001310      0x168 ./Drivers/STM32F1xx_HAL_Driver/Src/stm32f1xx_hal_tim_ex.o
 .debug_aranges
                0x00001478       0x48 ./src/bme680/common.o
 .debug_aranges
                0x000014c0       0x20 ./src/forced_mode.o
 .debug_aranges
                0x000014e0       0x30 ./src/i2c.o
 .debug_aranges
                0x00001510       0x48 ./src/main.o
 .debug_aranges
                0x00001558       0x20 ./src/spi.o

.debug_rnglists
                0x00000000     0x10a8
 .debug_rnglists
                0x00000000       0xea ./3rdParty/BME68x_SensorAPI/bme68x.o
 .debug_rnglists
                0x000000ea       0x19 ./3rdParty/freertos/Src/heap_3.o
 .debug_rnglists
                0x00000103       0x2b ./3rdParty/freertos/Src/list.o
 .debug_rnglists
                0x0000012e       0x5e ./3rdParty/freertos/Src/port.o
 .debug_rnglists
                0x0000018c       0xec ./3rdParty/freertos/Src/queue.o
 .debug_rnglists
                0x00000278      0x1bb ./3rdParty/freertos/Src/tasks.o
 .debug_rnglists
                0x00000433       0xad ./3rdParty/freertos/Src/timers.o
 .debug_rnglists
                0x000004e0       0x13 ./Core/Src/stm32f1xx_hal_msp.o
 .debug_rnglists
                0x000004f3       0x20 ./Core/Src/stm32f1xx_hal_timebase_tim.o
 .debug_rnglists
                0x00000513       0x37 ./Core/Src/stm32f1xx_it.o
 .debug_rnglists
                0x0000054a       0x79 ./Core/Src/syscalls.o
 .debug_rnglists
                0x000005c3       0x13 ./Core/Src/sysmem.o
 .debug_rnglists
                0x000005d6       0x1a ./Core/Src/system_stm32f1xx.o
 .debug_rnglists
                0x000005f0       0x19 ./Core/Startup/startup_stm32f103c8tx.o
 .debug_rnglists
                0x00000609       0xa3 ./Drivers/STM32F1xx_HAL_Driver/Src/stm32f1xx_hal.o
 .debug_rnglists
                0x000006ac       0xbb ./Drivers/STM32F1xx_HAL_Driver/Src/stm32f1xx_hal_cortex.o
 .debug_rnglists
                0x00000767       0x3f ./Drivers/STM32F1xx_HAL_Driver/Src/stm32f1xx_hal_gpio.o
 .debug_rnglists
                0x000007a6      0x23c ./Drivers/STM32F1xx_HAL_Driver/Src/stm32f1xx_hal_i2c.o
 .debug_rnglists
                0x000009e2       0x6c ./Drivers/STM32F1xx_HAL_Driver/Src/stm32f1xx_hal_rcc.o
 .debug_rnglists
                0x00000a4e      0x16e ./Drivers/STM32F1xx_HAL_Driver/Src/stm32f1xx_hal_spi.o
 .debug_rnglists
                0x00000bbc      0x31a ./Drivers/STM32F1xx_HAL_Driver/Src/stm32f1xx_hal_tim.o
 .debug_rnglists
                0x00000ed6      0x125 ./Drivers/STM32F1xx_HAL_Driver/Src/stm32f1xx_hal_tim_ex.o
 .debug_rnglists
                0x00000ffb       0x33 ./src/bme680/common.o
 .debug_rnglists
                0x0000102e       0x14 ./src/forced_mode.o
 .debug_rnglists
                0x00001042       0x20 ./src/i2c.o
 .debug_rnglists
                0x00001062       0x33 ./src/main.o
 .debug_rnglists
                0x00001095       0x13 ./src/spi.o

.debug_macro    0x00000000    0x1a781
 .debug_macro   0x00000000      0x15d ./3rdParty/BME68x_SensorAPI/bme68x.o
 .debug_macro   0x0000015d      0xacc ./3rdParty/BME68x_SensorAPI/bme68x.o
 .debug_macro   0x00000c29       0x22 ./3rdParty/BME68x_SensorAPI/bme68x.o
 .debug_macro   0x00000c4b       0x8e ./3rdParty/BME68x_SensorAPI/bme68x.o
 .debug_macro   0x00000cd9       0x51 ./3rdParty/BME68x_SensorAPI/bme68x.o
 .debug_macro   0x00000d2a      0x103 ./3rdParty/BME68x_SensorAPI/bme68x.o
 .debug_macro   0x00000e2d       0x6a ./3rdParty/BME68x_SensorAPI/bme68x.o
 .debug_macro   0x00000e97      0x1df ./3rdParty/BME68x_SensorAPI/bme68x.o
 .debug_macro   0x00001076      0x190 ./3rdParty/BME68x_SensorAPI/bme68x.o
 .debug_macro   0x00001206      0x483 ./3rdParty/BME68x_SensorAPI/bme68x.o
 .debug_macro   0x00001689       0x61 ./3rdParty/BME68x_SensorAPI/bme68x.o
 .debug_macro   0x000016ea       0x24 ./3rdParty/BME68x_SensorAPI/bme68x.o
 .debug_macro   0x0000170e       0x43 ./3rdParty/BME68x_SensorAPI/bme68x.o
 .debug_macro   0x00001751       0x34 ./3rdParty/BME68x_SensorAPI/bme68x.o
 .debug_macro   0x00001785       0x16 ./3rdParty/BME68x_SensorAPI/bme68x.o
 .debug_macro   0x0000179b       0x3c ./3rdParty/BME68x_SensorAPI/bme68x.o
 .debug_macro   0x000017d7      0x370 ./3rdParty/BME68x_SensorAPI/bme68x.o
 .debug_macro   0x00001b47       0x10 ./3rdParty/BME68x_SensorAPI/bme68x.o
 .debug_macro   0x00001b57       0x16 ./3rdParty/BME68x_SensorAPI/bme68x.o
 .debug_macro   0x00001b6d       0x4a ./3rdParty/BME68x_SensorAPI/bme68x.o
 .debug_macro   0x00001bb7       0x34 ./3rdParty/BME68x_SensorAPI/bme68x.o
 .debug_macro   0x00001beb       0x10 ./3rdParty/BME68x_SensorAPI/bme68x.o